[2025-08-29T13:40:20.673Z] INFO [a5767993-1d9d-4fa8-95d0-8c1167021931] [START-SESSION] Starting new lesson session
{}

[2025-08-29T13:40:20.692Z] INFO [a5767993-1d9d-4fa8-95d0-8c1167021931] [START-SESSION] Request data
{
  "subjectId": "e127cb71-acdb-433e-8b6d-9777a80a7511",
  "topicId": "a49fddc8-595f-4b1e-b0b9-1f4e3187b0a8"
}

[2025-08-29T13:40:20.730Z] INFO [a5767993-1d9d-4fa8-95d0-8c1167021931] [START-SESSION] Authenticating user
{}

[2025-08-29T13:40:23.481Z] INFO [a5767993-1d9d-4fa8-95d0-8c1167021931] [START-SESSION] User authenticated
{
  "userId": "f9087ec2-2eb0-422b-b73b-01535ef9858c"
}

[2025-08-29T13:40:23.555Z] INFO [a5767993-1d9d-4fa8-95d0-8c1167021931] [Database] Fetching subject data
{
  "subjectId": "e127cb71-acdb-433e-8b6d-9777a80a7511"
}

[2025-08-29T13:40:25.270Z] INFO [a5767993-1d9d-4fa8-95d0-8c1167021931] [Database] Subject found
{
  "name": "Physics",
  "hasDescription": true
}

[2025-08-29T13:40:25.276Z] INFO [a5767993-1d9d-4fa8-95d0-8c1167021931] [Database] Fetching topic data
{
  "topicId": "a49fddc8-595f-4b1e-b0b9-1f4e3187b0a8"
}

[2025-08-29T13:40:25.956Z] INFO [a5767993-1d9d-4fa8-95d0-8c1167021931] [Database] Topic found
{
  "topicName": "Kinematics"
}

[2025-08-29T13:40:25.960Z] INFO [a5767993-1d9d-4fa8-95d0-8c1167021931] [Database] Fetching resources
{
  "subjectId": "e127cb71-acdb-433e-8b6d-9777a80a7511",
  "topicId": "a49fddc8-595f-4b1e-b0b9-1f4e3187b0a8"
}

[2025-08-29T13:40:26.789Z] INFO [a5767993-1d9d-4fa8-95d0-8c1167021931] [Database] Resources fetched
{
  "count": 1,
  "titles": [
    "Kinematics Fundamentals"
  ]
}

[2025-08-29T13:40:26.903Z] INFO [a5767993-1d9d-4fa8-95d0-8c1167021931] [START-SESSION] Preparing lesson planning context
{}

[2025-08-29T13:40:26.929Z] INFO [a5767993-1d9d-4fa8-95d0-8c1167021931] [START-SESSION] Context prepared
{
  "resourceContextLength": 156,
  "topicContext": "Topic: Kinematics"
}

[2025-08-29T13:40:26.989Z] INFO [a5767993-1d9d-4fa8-95d0-8c1167021931] [START-SESSION] Getting master lesson plan
{}

[2025-08-29T13:40:27.062Z] INFO [16ebffe1-adce-4682-a0f7-2ef490df270b] [MASTER-LESSON-PLAN] Getting or creating master plan
{
  "subjectId": "e127cb71-acdb-433e-8b6d-9777a80a7511",
  "topicId": "a49fddc8-595f-4b1e-b0b9-1f4e3187b0a8",
  "subjectName": "Kinematics",
  "topicName": "Physics"
}

[2025-08-29T13:40:28.259Z] INFO [16ebffe1-adce-4682-a0f7-2ef490df270b] [MASTER-LESSON-PLAN] Creating new master plan
{}

[2025-08-29T13:40:47.414Z] INFO [16ebffe1-adce-4682-a0f7-2ef490df270b] [MASTER-LESSON-PLAN] Master plan created and saved
{
  "planId": "4c884848-bd1d-428d-9f80-ba72796cbf94",
  "chunkCount": "4"
}

[2025-08-29T13:40:47.416Z] INFO [a5767993-1d9d-4fa8-95d0-8c1167021931] [Lesson] Master lesson plan retrieved
{
  "planId": "4c884848-bd1d-428d-9f80-ba72796cbf94",
  "chunksCount": 4,
  "conceptsCount": 3,
  "estimatedDuration": 45
}

[2025-08-29T13:40:47.418Z] INFO [a5767993-1d9d-4fa8-95d0-8c1167021931] [Lesson] Converting master plan to enhanced format
{}

[2025-08-29T13:40:47.421Z] INFO [a5767993-1d9d-4fa8-95d0-8c1167021931] [Lesson] Generating assessment questions
{}

[2025-08-29T13:40:47.422Z] INFO [a5767993-1d9d-4fa8-95d0-8c1167021931] [Lesson] Converting criteria to engaging questions
{}

[2025-08-29T13:40:51.052Z] INFO [a5767993-1d9d-4fa8-95d0-8c1167021931] [Lesson] Question enhanced
{
  "original": "Ability to apply kinematics concepts to solve real",
  "enhanced": "Imagine you're a detective trying to solve a hit-a"
}

[2025-08-29T13:40:54.578Z] INFO [a5767993-1d9d-4fa8-95d0-8c1167021931] [Lesson] Question enhanced
{
  "original": "Understanding of motion equations and their applic",
  "enhanced": "If you were to design a roller coaster, which moti"
}

[2025-08-29T13:40:54.621Z] INFO [a5767993-1d9d-4fa8-95d0-8c1167021931] [UnrealSpeech] Generating welcome message audio
{}

[2025-08-29T13:41:02.909Z] INFO [a5767993-1d9d-4fa8-95d0-8c1167021931] [Storage] Welcome audio uploaded
{
  "url": "https://sqlxxvrpmzxjyehbpeuw.supabase.co/storage/v1/object/public/audio/welcome_a5767993-1d9d-4fa8-95d0-8c1167021931.mp3"
}

[2025-08-29T13:41:02.911Z] INFO [a5767993-1d9d-4fa8-95d0-8c1167021931] [Storage] Generating assessment question audio
{
  "questionCount": 2
}

[2025-08-29T13:41:10.108Z] INFO [a5767993-1d9d-4fa8-95d0-8c1167021931] [Database] Creating lesson session
{}

[2025-08-29T13:41:10.991Z] INFO [a5767993-1d9d-4fa8-95d0-8c1167021931] [Database] Session created successfully
{
  "sessionId": "f891d6b1-22a3-4f89-8fdd-b5674f11c3e4",
  "phase": "assessment"
}

[2025-08-29T13:41:10.993Z] INFO [a5767993-1d9d-4fa8-95d0-8c1167021931] [Lesson] Initializing progress tracking
{}

[2025-08-29T13:41:10.996Z] INFO [fd7b1c29-fe03-48da-b920-cc5a0538ea69] [PROGRESS-SERVICE] Analyzing RAG content
{
  "subject": "Physics"
}

[2025-08-29T13:41:11.003Z] INFO [fd7b1c29-fe03-48da-b920-cc5a0538ea69] [PROGRESS-SERVICE] RAG content analysis completed
{
  "conceptsFound": 0,
  "equationsFound": 0,
  "sectionsFound": 0,
  "complexity": "beginner",
  "duration": 2
}

[2025-08-29T13:41:11.009Z] INFO [97e788ae-e06b-4129-850c-2a2c76cdc29c] [PROGRESS-SERVICE] Creating lesson plan
{
  "sessionId": "f891d6b1-22a3-4f89-8fdd-b5674f11c3e4"
}

[2025-08-29T13:41:11.442Z] INFO [97e788ae-e06b-4129-850c-2a2c76cdc29c] [PROGRESS-SERVICE] Lesson plan created
{
  "plannedConcepts": 0,
  "plannedEquations": 0,
  "estimatedChunks": 1
}

[2025-08-29T13:41:11.444Z] INFO [a5767993-1d9d-4fa8-95d0-8c1167021931] [Lesson] Progress tracking initialized
{
  "sessionId": "f891d6b1-22a3-4f89-8fdd-b5674f11c3e4",
  "conceptsCount": 0
}

[2025-08-29T13:41:11.446Z] INFO [a5767993-1d9d-4fa8-95d0-8c1167021931] [START-SESSION] Session created successfully
{
  "sessionId": "f891d6b1-22a3-4f89-8fdd-b5674f11c3e4",
  "chunksCount": 4,
  "questionsCount": 2,
  "hasWelcomeAudio": true
}

[2025-08-29T14:59:55.281Z] INFO [a3aeb35c-fc8e-4265-8bd7-8aa37b90b2ae] [START-SESSION] Starting new lesson session
{}

[2025-08-29T14:59:55.329Z] INFO [a3aeb35c-fc8e-4265-8bd7-8aa37b90b2ae] [START-SESSION] Request data
{
  "subjectId": "e127cb71-acdb-433e-8b6d-9777a80a7511",
  "topicId": "a49fddc8-595f-4b1e-b0b9-1f4e3187b0a8"
}

[2025-08-29T14:59:55.392Z] INFO [a3aeb35c-fc8e-4265-8bd7-8aa37b90b2ae] [START-SESSION] Authenticating user
{}

[2025-08-29T14:59:56.787Z] INFO [a3aeb35c-fc8e-4265-8bd7-8aa37b90b2ae] [START-SESSION] User authenticated
{
  "userId": "f9087ec2-2eb0-422b-b73b-01535ef9858c"
}

[2025-08-29T14:59:56.789Z] INFO [a3aeb35c-fc8e-4265-8bd7-8aa37b90b2ae] [Database] Fetching subject data
{
  "subjectId": "e127cb71-acdb-433e-8b6d-9777a80a7511"
}

[2025-08-29T14:59:57.182Z] INFO [a3aeb35c-fc8e-4265-8bd7-8aa37b90b2ae] [Database] Subject found
{
  "name": "Physics",
  "hasDescription": true
}

[2025-08-29T14:59:57.184Z] INFO [a3aeb35c-fc8e-4265-8bd7-8aa37b90b2ae] [Database] Fetching topic data
{
  "topicId": "a49fddc8-595f-4b1e-b0b9-1f4e3187b0a8"
}

[2025-08-29T14:59:57.824Z] INFO [a3aeb35c-fc8e-4265-8bd7-8aa37b90b2ae] [Database] Topic found
{
  "topicName": "Kinematics"
}

[2025-08-29T14:59:57.825Z] INFO [a3aeb35c-fc8e-4265-8bd7-8aa37b90b2ae] [Database] Fetching resources
{
  "subjectId": "e127cb71-acdb-433e-8b6d-9777a80a7511",
  "topicId": "a49fddc8-595f-4b1e-b0b9-1f4e3187b0a8"
}

[2025-08-29T14:59:58.325Z] INFO [a3aeb35c-fc8e-4265-8bd7-8aa37b90b2ae] [Database] Resources fetched
{
  "count": 1,
  "titles": [
    "Kinematics Fundamentals"
  ]
}

[2025-08-29T14:59:58.327Z] INFO [a3aeb35c-fc8e-4265-8bd7-8aa37b90b2ae] [START-SESSION] Preparing lesson planning context
{}

[2025-08-29T14:59:58.329Z] INFO [a3aeb35c-fc8e-4265-8bd7-8aa37b90b2ae] [START-SESSION] Context prepared
{
  "resourceContextLength": 156,
  "topicContext": "Topic: Kinematics"
}

[2025-08-29T14:59:58.330Z] INFO [a3aeb35c-fc8e-4265-8bd7-8aa37b90b2ae] [START-SESSION] Getting master lesson plan
{}

[2025-08-29T14:59:58.332Z] INFO [025a758e-e684-4a00-9c04-3312bd090756] [MASTER-LESSON-PLAN] Getting or creating master plan
{
  "subjectId": "e127cb71-acdb-433e-8b6d-9777a80a7511",
  "topicId": "a49fddc8-595f-4b1e-b0b9-1f4e3187b0a8",
  "subjectName": "Kinematics",
  "topicName": "Physics"
}

[2025-08-29T14:59:58.928Z] INFO [025a758e-e684-4a00-9c04-3312bd090756] [MASTER-LESSON-PLAN] Creating new master plan
{}

[2025-08-29T15:00:55.807Z] INFO [025a758e-e684-4a00-9c04-3312bd090756] [MASTER-LESSON-PLAN] Master plan created and saved
{
  "planId": "82cb668d-2bac-4308-8da2-74c7b77f42ad",
  "chunkCount": "4"
}

[2025-08-29T15:00:55.817Z] INFO [a3aeb35c-fc8e-4265-8bd7-8aa37b90b2ae] [Lesson] Master lesson plan retrieved
{
  "planId": "82cb668d-2bac-4308-8da2-74c7b77f42ad",
  "chunksCount": 4,
  "conceptsCount": 4,
  "estimatedDuration": 45
}

[2025-08-29T15:00:55.837Z] INFO [a3aeb35c-fc8e-4265-8bd7-8aa37b90b2ae] [Lesson] Converting master plan to enhanced format
{}

[2025-08-29T15:00:55.841Z] INFO [a3aeb35c-fc8e-4265-8bd7-8aa37b90b2ae] [Lesson] Generating assessment questions
{}

[2025-08-29T15:00:55.870Z] INFO [a3aeb35c-fc8e-4265-8bd7-8aa37b90b2ae] [Lesson] Insufficient assessment questions, generating more
{
  "currentCount": 1
}

[2025-08-29T15:00:58.692Z] INFO [a3aeb35c-fc8e-4265-8bd7-8aa37b90b2ae] [Lesson] Additional questions generated
{
  "newCount": 2
}

[2025-08-29T15:00:58.693Z] INFO [a3aeb35c-fc8e-4265-8bd7-8aa37b90b2ae] [Lesson] Converting criteria to engaging questions
{}

[2025-08-29T15:01:02.843Z] INFO [a3aeb35c-fc8e-4265-8bd7-8aa37b90b2ae] [Lesson] Question enhanced
{
  "original": "Ability to apply kinematic equations to solve real",
  "enhanced": "Imagine you're an astronaut on a space mission and"
}

[2025-08-29T15:01:02.846Z] INFO [a3aeb35c-fc8e-4265-8bd7-8aa37b90b2ae] [UnrealSpeech] Generating welcome message audio
{}

[2025-08-29T15:01:11.651Z] INFO [a3aeb35c-fc8e-4265-8bd7-8aa37b90b2ae] [Storage] Welcome audio uploaded
{
  "url": "https://sqlxxvrpmzxjyehbpeuw.supabase.co/storage/v1/object/public/audio/welcome_a3aeb35c-fc8e-4265-8bd7-8aa37b90b2ae.mp3"
}

[2025-08-29T15:01:11.653Z] INFO [a3aeb35c-fc8e-4265-8bd7-8aa37b90b2ae] [Storage] Generating assessment question audio
{
  "questionCount": 2
}

[2025-08-29T15:02:14.917Z] INFO [a3aeb35c-fc8e-4265-8bd7-8aa37b90b2ae] [Database] Creating lesson session
{}

[2025-08-29T15:02:15.362Z] INFO [a3aeb35c-fc8e-4265-8bd7-8aa37b90b2ae] [Database] Session created successfully
{
  "sessionId": "0b7c0726-d1ee-442c-8e7e-5920350957b9",
  "phase": "assessment"
}

[2025-08-29T15:02:15.364Z] INFO [a3aeb35c-fc8e-4265-8bd7-8aa37b90b2ae] [Lesson] Initializing progress tracking
{}

[2025-08-29T15:02:15.372Z] INFO [0490cbc7-c7df-422b-af47-104c55159758] [PROGRESS-SERVICE] Analyzing RAG content
{
  "subject": "Physics"
}

[2025-08-29T15:02:15.381Z] INFO [0490cbc7-c7df-422b-af47-104c55159758] [PROGRESS-SERVICE] RAG content analysis completed
{
  "conceptsFound": 0,
  "equationsFound": 0,
  "sectionsFound": 0,
  "complexity": "beginner",
  "duration": 2
}

[2025-08-29T15:02:15.385Z] INFO [31c2ba31-ad16-4edc-82cc-3989d30df7e5] [PROGRESS-SERVICE] Creating lesson plan
{
  "sessionId": "0b7c0726-d1ee-442c-8e7e-5920350957b9"
}

[2025-08-29T15:02:15.633Z] INFO [31c2ba31-ad16-4edc-82cc-3989d30df7e5] [PROGRESS-SERVICE] Lesson plan created
{
  "plannedConcepts": 0,
  "plannedEquations": 0,
  "estimatedChunks": 1
}

[2025-08-29T15:02:15.635Z] INFO [a3aeb35c-fc8e-4265-8bd7-8aa37b90b2ae] [Lesson] Progress tracking initialized
{
  "sessionId": "0b7c0726-d1ee-442c-8e7e-5920350957b9",
  "conceptsCount": 0
}

[2025-08-29T15:02:15.636Z] INFO [a3aeb35c-fc8e-4265-8bd7-8aa37b90b2ae] [START-SESSION] Session created successfully
{
  "sessionId": "0b7c0726-d1ee-442c-8e7e-5920350957b9",
  "chunksCount": 4,
  "questionsCount": 2,
  "hasWelcomeAudio": true
}

