[2025-08-28T06:51:38.063Z] INFO [11800914-0caa-4ce0-bc1e-516b8d7ebc02] [START-SESSION] Starting new lesson session
{}

[2025-08-28T06:51:38.179Z] INFO [11800914-0caa-4ce0-bc1e-516b8d7ebc02] [START-SESSION] Request data
{
  "subjectId": "e127cb71-acdb-433e-8b6d-9777a80a7511",
  "topicId": "a49fddc8-595f-4b1e-b0b9-1f4e3187b0a8"
}

[2025-08-28T06:51:38.380Z] INFO [11800914-0caa-4ce0-bc1e-516b8d7ebc02] [START-SESSION] Authenticating user
{}

[2025-08-28T06:51:39.729Z] INFO [11800914-0caa-4ce0-bc1e-516b8d7ebc02] [START-SESSION] User authenticated
{
  "userId": "f9087ec2-2eb0-422b-b73b-01535ef9858c"
}

[2025-08-28T06:51:39.730Z] INFO [11800914-0caa-4ce0-bc1e-516b8d7ebc02] [Database] Fetching subject data
{
  "subjectId": "e127cb71-acdb-433e-8b6d-9777a80a7511"
}

[2025-08-28T06:51:40.182Z] INFO [11800914-0caa-4ce0-bc1e-516b8d7ebc02] [Database] Subject found
{
  "name": "Physics",
  "hasDescription": true
}

[2025-08-28T06:51:40.183Z] INFO [11800914-0caa-4ce0-bc1e-516b8d7ebc02] [Database] Fetching topic data
{
  "topicId": "a49fddc8-595f-4b1e-b0b9-1f4e3187b0a8"
}

[2025-08-28T06:51:40.919Z] INFO [11800914-0caa-4ce0-bc1e-516b8d7ebc02] [Database] Topic found
{
  "topicName": "Kinematics"
}

[2025-08-28T06:51:40.920Z] INFO [11800914-0caa-4ce0-bc1e-516b8d7ebc02] [Database] Fetching resources
{
  "subjectId": "e127cb71-acdb-433e-8b6d-9777a80a7511",
  "topicId": "a49fddc8-595f-4b1e-b0b9-1f4e3187b0a8"
}

[2025-08-28T06:51:41.610Z] INFO [11800914-0caa-4ce0-bc1e-516b8d7ebc02] [Database] Resources fetched
{
  "count": 1,
  "titles": [
    "Kinematics Fundamentals"
  ]
}

[2025-08-28T06:51:41.612Z] INFO [11800914-0caa-4ce0-bc1e-516b8d7ebc02] [START-SESSION] Preparing lesson planning context
{}

[2025-08-28T06:51:41.614Z] INFO [11800914-0caa-4ce0-bc1e-516b8d7ebc02] [START-SESSION] Context prepared
{
  "resourceContextLength": 156,
  "topicContext": "Topic: Kinematics"
}

[2025-08-28T06:51:41.615Z] INFO [11800914-0caa-4ce0-bc1e-516b8d7ebc02] [START-SESSION] Getting master lesson plan
{}

[2025-08-28T06:51:41.617Z] INFO [2149114d-5f42-4666-8425-fc7cf4cd9ecc] [MASTER-LESSON-PLAN] Getting or creating master plan
{
  "subjectId": "e127cb71-acdb-433e-8b6d-9777a80a7511",
  "topicId": "a49fddc8-595f-4b1e-b0b9-1f4e3187b0a8",
  "subjectName": "Kinematics",
  "topicName": "Physics"
}

[2025-08-28T06:51:41.921Z] INFO [2149114d-5f42-4666-8425-fc7cf4cd9ecc] [MASTER-LESSON-PLAN] Creating new master plan
{}

[2025-08-28T06:51:56.194Z] INFO [2149114d-5f42-4666-8425-fc7cf4cd9ecc] [MASTER-LESSON-PLAN] Master plan created and saved
{
  "planId": "3c311067-b838-4b0f-876f-7210750b4a6c",
  "chunkCount": "4"
}

[2025-08-28T06:51:56.196Z] INFO [11800914-0caa-4ce0-bc1e-516b8d7ebc02] [Lesson] Master lesson plan retrieved
{
  "planId": "3c311067-b838-4b0f-876f-7210750b4a6c",
  "chunksCount": 4,
  "conceptsCount": 4,
  "estimatedDuration": 45
}

[2025-08-28T06:51:56.198Z] INFO [11800914-0caa-4ce0-bc1e-516b8d7ebc02] [Lesson] Converting master plan to enhanced format
{}

[2025-08-28T06:51:56.200Z] INFO [11800914-0caa-4ce0-bc1e-516b8d7ebc02] [Lesson] Generating assessment questions
{}

[2025-08-28T06:52:05.156Z] INFO [11800914-0caa-4ce0-bc1e-516b8d7ebc02] [Lesson] Questions enhanced in batch
{
  "enhancedCount": 2
}

[2025-08-28T06:52:05.426Z] INFO [11800914-0caa-4ce0-bc1e-516b8d7ebc02] [UnrealSpeech] Generating welcome message audio
{}

[2025-08-28T06:52:12.651Z] INFO [11800914-0caa-4ce0-bc1e-516b8d7ebc02] [Storage] Welcome audio uploaded
{
  "url": "https://sqlxxvrpmzxjyehbpeuw.supabase.co/storage/v1/object/public/audio/welcome_11800914-0caa-4ce0-bc1e-516b8d7ebc02.mp3"
}

[2025-08-28T06:52:12.653Z] INFO [11800914-0caa-4ce0-bc1e-516b8d7ebc02] [Storage] Preparing assessment questions for background audio generation
{
  "questionCount": 2
}

[2025-08-28T06:52:12.655Z] INFO [11800914-0caa-4ce0-bc1e-516b8d7ebc02] [Database] Creating lesson session
{}

[2025-08-28T06:52:13.063Z] INFO [11800914-0caa-4ce0-bc1e-516b8d7ebc02] [Database] Session created successfully
{
  "sessionId": "dc268411-6c3d-4a16-b45d-586e759b8185",
  "phase": "assessment"
}

[2025-08-28T06:52:13.064Z] INFO [11800914-0caa-4ce0-bc1e-516b8d7ebc02] [Lesson] Deferring progress tracking to background
{}

[2025-08-28T06:52:13.066Z] INFO [11800914-0caa-4ce0-bc1e-516b8d7ebc02] [Lesson] Starting background progress tracking
{
  "sessionId": "dc268411-6c3d-4a16-b45d-586e759b8185"
}

[2025-08-28T06:52:13.068Z] INFO [23f0b34d-4724-4465-a63f-292284b82c90] [PROGRESS-SERVICE] Analyzing RAG content
{
  "subject": "Physics"
}

[2025-08-28T06:52:13.073Z] INFO [23f0b34d-4724-4465-a63f-292284b82c90] [PROGRESS-SERVICE] RAG content analysis completed
{
  "conceptsFound": 0,
  "equationsFound": 0,
  "sectionsFound": 0,
  "complexity": "beginner",
  "duration": 2
}

[2025-08-28T06:52:13.075Z] INFO [11800914-0caa-4ce0-bc1e-516b8d7ebc02] [Lesson] Starting background audio generation
{
  "sessionId": "dc268411-6c3d-4a16-b45d-586e759b8185"
}

[2025-08-28T06:52:13.152Z] INFO [11800914-0caa-4ce0-bc1e-516b8d7ebc02] [START-SESSION] Session created successfully - returning immediate response
{
  "sessionId": "dc268411-6c3d-4a16-b45d-586e759b8185",
  "chunksCount": 4,
  "questionsCount": 2,
  "hasWelcomeAudio": true,
  "backgroundProcessesStarted": true
}

[2025-08-28T06:52:13.221Z] INFO [a8962923-6ef7-44b1-9210-00bf08128a8c] [PROGRESS-SERVICE] Creating lesson plan
{
  "sessionId": "dc268411-6c3d-4a16-b45d-586e759b8185"
}

[2025-08-28T06:52:14.402Z] INFO [a8962923-6ef7-44b1-9210-00bf08128a8c] [PROGRESS-SERVICE] Lesson plan created
{
  "plannedConcepts": 0,
  "plannedEquations": 0,
  "estimatedChunks": 1
}

[2025-08-28T06:52:14.603Z] INFO [11800914-0caa-4ce0-bc1e-516b8d7ebc02] [Lesson] Background progress tracking completed
{
  "sessionId": "dc268411-6c3d-4a16-b45d-586e759b8185",
  "conceptsCount": 0
}

[2025-08-28T06:55:55.608Z] INFO [fb1cac5b-3d38-4e5b-b9cc-244d51eae99c] [START-SESSION] Starting new lesson session
{}

[2025-08-28T06:55:55.624Z] INFO [fb1cac5b-3d38-4e5b-b9cc-244d51eae99c] [START-SESSION] Request data
{
  "subjectId": "e127cb71-acdb-433e-8b6d-9777a80a7511",
  "topicId": "a49fddc8-595f-4b1e-b0b9-1f4e3187b0a8"
}

[2025-08-28T06:55:55.677Z] INFO [fb1cac5b-3d38-4e5b-b9cc-244d51eae99c] [START-SESSION] Authenticating user
{}

[2025-08-28T06:55:56.921Z] INFO [fb1cac5b-3d38-4e5b-b9cc-244d51eae99c] [START-SESSION] User authenticated
{
  "userId": "f9087ec2-2eb0-422b-b73b-01535ef9858c"
}

[2025-08-28T06:55:56.922Z] INFO [fb1cac5b-3d38-4e5b-b9cc-244d51eae99c] [Database] Fetching subject data
{
  "subjectId": "e127cb71-acdb-433e-8b6d-9777a80a7511"
}

[2025-08-28T06:55:57.200Z] INFO [fb1cac5b-3d38-4e5b-b9cc-244d51eae99c] [Database] Subject found
{
  "name": "Physics",
  "hasDescription": true
}

[2025-08-28T06:55:57.202Z] INFO [fb1cac5b-3d38-4e5b-b9cc-244d51eae99c] [Database] Fetching topic data
{
  "topicId": "a49fddc8-595f-4b1e-b0b9-1f4e3187b0a8"
}

[2025-08-28T06:55:58.262Z] INFO [fb1cac5b-3d38-4e5b-b9cc-244d51eae99c] [Database] Topic found
{
  "topicName": "Kinematics"
}

[2025-08-28T06:55:58.264Z] INFO [fb1cac5b-3d38-4e5b-b9cc-244d51eae99c] [Database] Fetching resources
{
  "subjectId": "e127cb71-acdb-433e-8b6d-9777a80a7511",
  "topicId": "a49fddc8-595f-4b1e-b0b9-1f4e3187b0a8"
}

[2025-08-28T06:55:58.733Z] INFO [fb1cac5b-3d38-4e5b-b9cc-244d51eae99c] [Database] Resources fetched
{
  "count": 1,
  "titles": [
    "Kinematics Fundamentals"
  ]
}

[2025-08-28T06:55:58.835Z] INFO [fb1cac5b-3d38-4e5b-b9cc-244d51eae99c] [START-SESSION] Preparing lesson planning context
{}

[2025-08-28T06:55:58.950Z] INFO [fb1cac5b-3d38-4e5b-b9cc-244d51eae99c] [START-SESSION] Context prepared
{
  "resourceContextLength": 156,
  "topicContext": "Topic: Kinematics"
}

[2025-08-28T06:55:58.951Z] INFO [fb1cac5b-3d38-4e5b-b9cc-244d51eae99c] [START-SESSION] Getting master lesson plan
{}

[2025-08-28T06:55:58.955Z] INFO [989f6db4-bbc0-46b7-b34c-6eefc2a229da] [MASTER-LESSON-PLAN] Getting or creating master plan
{
  "subjectId": "e127cb71-acdb-433e-8b6d-9777a80a7511",
  "topicId": "a49fddc8-595f-4b1e-b0b9-1f4e3187b0a8",
  "subjectName": "Kinematics",
  "topicName": "Physics"
}

[2025-08-28T06:55:59.394Z] INFO [989f6db4-bbc0-46b7-b34c-6eefc2a229da] [MASTER-LESSON-PLAN] Creating new master plan
{}

[2025-08-28T06:56:12.848Z] INFO [989f6db4-bbc0-46b7-b34c-6eefc2a229da] [MASTER-LESSON-PLAN] Master plan created and saved
{
  "planId": "5561a289-15bd-4ace-a6f7-2240e9fa1049",
  "chunkCount": "6"
}

[2025-08-28T06:56:12.855Z] INFO [fb1cac5b-3d38-4e5b-b9cc-244d51eae99c] [Lesson] Master lesson plan retrieved
{
  "planId": "5561a289-15bd-4ace-a6f7-2240e9fa1049",
  "chunksCount": 6,
  "conceptsCount": 3,
  "estimatedDuration": 45
}

[2025-08-28T06:56:12.858Z] INFO [fb1cac5b-3d38-4e5b-b9cc-244d51eae99c] [Lesson] Converting master plan to enhanced format
{}

[2025-08-28T06:56:12.862Z] INFO [fb1cac5b-3d38-4e5b-b9cc-244d51eae99c] [Lesson] Generating assessment questions
{}

[2025-08-28T06:56:12.865Z] INFO [fb1cac5b-3d38-4e5b-b9cc-244d51eae99c] [Lesson] Insufficient assessment questions, generating more
{
  "currentCount": 1
}

[2025-08-28T06:56:21.348Z] INFO [fb1cac5b-3d38-4e5b-b9cc-244d51eae99c] [Lesson] Additional questions generated
{
  "newCount": 2
}

[2025-08-28T06:56:21.350Z] INFO [fb1cac5b-3d38-4e5b-b9cc-244d51eae99c] [Lesson] Questions enhanced in batch
{
  "enhancedCount": 4
}

[2025-08-28T06:56:21.512Z] INFO [fb1cac5b-3d38-4e5b-b9cc-244d51eae99c] [UnrealSpeech] Generating welcome message audio
{}

[2025-08-28T06:56:26.732Z] INFO [fb1cac5b-3d38-4e5b-b9cc-244d51eae99c] [Storage] Welcome audio uploaded
{
  "url": "https://sqlxxvrpmzxjyehbpeuw.supabase.co/storage/v1/object/public/audio/welcome_fb1cac5b-3d38-4e5b-b9cc-244d51eae99c.mp3"
}

[2025-08-28T06:56:26.735Z] INFO [fb1cac5b-3d38-4e5b-b9cc-244d51eae99c] [Storage] Preparing assessment questions for background audio generation
{
  "questionCount": 2
}

[2025-08-28T06:56:26.804Z] INFO [fb1cac5b-3d38-4e5b-b9cc-244d51eae99c] [Database] Creating lesson session
{}

[2025-08-28T06:56:27.607Z] INFO [fb1cac5b-3d38-4e5b-b9cc-244d51eae99c] [Database] Session created successfully
{
  "sessionId": "60673658-5b7c-4365-9f88-c253f9442e7b",
  "phase": "assessment"
}

[2025-08-28T06:56:27.610Z] INFO [fb1cac5b-3d38-4e5b-b9cc-244d51eae99c] [Lesson] Deferring progress tracking to background
{}

[2025-08-28T06:56:27.764Z] INFO [fb1cac5b-3d38-4e5b-b9cc-244d51eae99c] [Lesson] Starting background progress tracking
{
  "sessionId": "60673658-5b7c-4365-9f88-c253f9442e7b"
}

[2025-08-28T06:56:27.766Z] INFO [75346378-fedf-475d-a345-2810ba57e24f] [PROGRESS-SERVICE] Analyzing RAG content
{
  "subject": "Physics"
}

[2025-08-28T06:56:27.771Z] INFO [75346378-fedf-475d-a345-2810ba57e24f] [PROGRESS-SERVICE] RAG content analysis completed
{
  "conceptsFound": 0,
  "equationsFound": 0,
  "sectionsFound": 0,
  "complexity": "beginner",
  "duration": 2
}

[2025-08-28T06:56:27.773Z] INFO [fb1cac5b-3d38-4e5b-b9cc-244d51eae99c] [Lesson] Starting background audio generation
{
  "sessionId": "60673658-5b7c-4365-9f88-c253f9442e7b"
}

[2025-08-28T06:56:27.777Z] INFO [fb1cac5b-3d38-4e5b-b9cc-244d51eae99c] [START-SESSION] Session created successfully - returning immediate response
{
  "sessionId": "60673658-5b7c-4365-9f88-c253f9442e7b",
  "chunksCount": 6,
  "questionsCount": 2,
  "hasWelcomeAudio": true,
  "backgroundProcessesStarted": true
}

[2025-08-28T06:56:27.783Z] INFO [4cf611c6-304c-4cca-bdbe-87eff64842c3] [PROGRESS-SERVICE] Creating lesson plan
{
  "sessionId": "60673658-5b7c-4365-9f88-c253f9442e7b"
}

[2025-08-28T06:56:29.054Z] INFO [4cf611c6-304c-4cca-bdbe-87eff64842c3] [PROGRESS-SERVICE] Lesson plan created
{
  "plannedConcepts": 0,
  "plannedEquations": 0,
  "estimatedChunks": 1
}

[2025-08-28T06:56:29.199Z] INFO [fb1cac5b-3d38-4e5b-b9cc-244d51eae99c] [Lesson] Background progress tracking completed
{
  "sessionId": "60673658-5b7c-4365-9f88-c253f9442e7b",
  "conceptsCount": 0
}

[2025-08-28T07:47:33.693Z] INFO [55e3dc00-2872-48ab-bc2c-5cf3eea736a2] [START-SESSION] Starting new lesson session
{}

[2025-08-28T07:47:33.755Z] INFO [55e3dc00-2872-48ab-bc2c-5cf3eea736a2] [START-SESSION] Request data
{
  "subjectId": "e127cb71-acdb-433e-8b6d-9777a80a7511",
  "topicId": "a49fddc8-595f-4b1e-b0b9-1f4e3187b0a8"
}

[2025-08-28T07:47:33.977Z] INFO [55e3dc00-2872-48ab-bc2c-5cf3eea736a2] [START-SESSION] Authenticating user
{}

[2025-08-28T07:47:39.305Z] INFO [55e3dc00-2872-48ab-bc2c-5cf3eea736a2] [START-SESSION] User authenticated
{
  "userId": "f9087ec2-2eb0-422b-b73b-01535ef9858c"
}

[2025-08-28T07:47:39.382Z] INFO [55e3dc00-2872-48ab-bc2c-5cf3eea736a2] [Database] Fetching subject data
{
  "subjectId": "e127cb71-acdb-433e-8b6d-9777a80a7511"
}

[2025-08-28T07:47:40.589Z] INFO [55e3dc00-2872-48ab-bc2c-5cf3eea736a2] [Database] Subject found
{
  "name": "Physics",
  "hasDescription": true
}

[2025-08-28T07:47:40.590Z] INFO [55e3dc00-2872-48ab-bc2c-5cf3eea736a2] [Database] Fetching topic data
{
  "topicId": "a49fddc8-595f-4b1e-b0b9-1f4e3187b0a8"
}

[2025-08-28T07:47:43.270Z] INFO [55e3dc00-2872-48ab-bc2c-5cf3eea736a2] [Database] Topic found
{
  "topicName": "Kinematics"
}

[2025-08-28T07:47:43.300Z] INFO [55e3dc00-2872-48ab-bc2c-5cf3eea736a2] [Database] Fetching resources
{
  "subjectId": "e127cb71-acdb-433e-8b6d-9777a80a7511",
  "topicId": "a49fddc8-595f-4b1e-b0b9-1f4e3187b0a8"
}

[2025-08-28T07:47:44.575Z] INFO [55e3dc00-2872-48ab-bc2c-5cf3eea736a2] [Database] Resources fetched
{
  "count": 1,
  "titles": [
    "Kinematics Fundamentals"
  ]
}

[2025-08-28T07:47:44.679Z] INFO [55e3dc00-2872-48ab-bc2c-5cf3eea736a2] [START-SESSION] Preparing lesson planning context
{}

[2025-08-28T07:47:44.743Z] INFO [55e3dc00-2872-48ab-bc2c-5cf3eea736a2] [START-SESSION] Context prepared
{
  "resourceContextLength": 156,
  "topicContext": "Topic: Kinematics"
}

[2025-08-28T07:47:44.946Z] INFO [55e3dc00-2872-48ab-bc2c-5cf3eea736a2] [START-SESSION] Getting master lesson plan
{}

[2025-08-28T07:47:44.955Z] INFO [1fe7d860-dd80-40af-b3dc-c38f340a8f17] [MASTER-LESSON-PLAN] Getting or creating master plan
{
  "subjectId": "e127cb71-acdb-433e-8b6d-9777a80a7511",
  "topicId": "a49fddc8-595f-4b1e-b0b9-1f4e3187b0a8",
  "subjectName": "Kinematics",
  "topicName": "Physics"
}

[2025-08-28T07:47:45.740Z] INFO [1fe7d860-dd80-40af-b3dc-c38f340a8f17] [MASTER-LESSON-PLAN] Creating new master plan
{}

[2025-08-28T07:48:00.779Z] INFO [1fe7d860-dd80-40af-b3dc-c38f340a8f17] [MASTER-LESSON-PLAN] Master plan created and saved
{
  "planId": "89bbe3f7-766a-499a-968e-6daebfbc5888",
  "chunkCount": "4"
}

[2025-08-28T07:48:00.780Z] INFO [55e3dc00-2872-48ab-bc2c-5cf3eea736a2] [Lesson] Master lesson plan retrieved
{
  "planId": "89bbe3f7-766a-499a-968e-6daebfbc5888",
  "chunksCount": 4,
  "conceptsCount": 4,
  "estimatedDuration": 45
}

[2025-08-28T07:48:00.782Z] INFO [55e3dc00-2872-48ab-bc2c-5cf3eea736a2] [Lesson] Converting master plan to enhanced format
{}

[2025-08-28T07:48:00.783Z] INFO [55e3dc00-2872-48ab-bc2c-5cf3eea736a2] [Lesson] Generating assessment questions
{}

[2025-08-28T07:48:09.478Z] INFO [55e3dc00-2872-48ab-bc2c-5cf3eea736a2] [Lesson] Questions enhanced in batch
{
  "enhancedCount": 2
}

[2025-08-28T07:48:09.481Z] INFO [55e3dc00-2872-48ab-bc2c-5cf3eea736a2] [UnrealSpeech] Generating welcome message audio
{}

[2025-08-28T07:48:13.833Z] INFO [55e3dc00-2872-48ab-bc2c-5cf3eea736a2] [Storage] Welcome audio uploaded
{
  "url": "https://sqlxxvrpmzxjyehbpeuw.supabase.co/storage/v1/object/public/audio/welcome_55e3dc00-2872-48ab-bc2c-5cf3eea736a2.mp3"
}

[2025-08-28T07:48:13.835Z] INFO [55e3dc00-2872-48ab-bc2c-5cf3eea736a2] [Storage] Preparing assessment questions for background audio generation
{
  "questionCount": 2
}

[2025-08-28T07:48:13.836Z] INFO [55e3dc00-2872-48ab-bc2c-5cf3eea736a2] [Database] Creating lesson session
{}

[2025-08-28T07:48:14.162Z] INFO [55e3dc00-2872-48ab-bc2c-5cf3eea736a2] [Database] Session created successfully
{
  "sessionId": "e110cd97-7d69-485b-b565-6a2c55c01e92",
  "phase": "assessment"
}

[2025-08-28T07:48:14.164Z] INFO [55e3dc00-2872-48ab-bc2c-5cf3eea736a2] [Lesson] Deferring progress tracking to background
{}

[2025-08-28T07:48:14.165Z] INFO [55e3dc00-2872-48ab-bc2c-5cf3eea736a2] [Lesson] Starting background progress tracking
{
  "sessionId": "e110cd97-7d69-485b-b565-6a2c55c01e92"
}

[2025-08-28T07:48:14.167Z] INFO [33357449-7fe2-409c-8aba-2721e6f4afec] [PROGRESS-SERVICE] Analyzing RAG content
{
  "subject": "Physics"
}

[2025-08-28T07:48:14.171Z] INFO [33357449-7fe2-409c-8aba-2721e6f4afec] [PROGRESS-SERVICE] RAG content analysis completed
{
  "conceptsFound": 0,
  "equationsFound": 0,
  "sectionsFound": 0,
  "complexity": "beginner",
  "duration": 2
}

[2025-08-28T07:48:14.172Z] INFO [55e3dc00-2872-48ab-bc2c-5cf3eea736a2] [Lesson] Starting background audio generation
{
  "sessionId": "e110cd97-7d69-485b-b565-6a2c55c01e92"
}

[2025-08-28T07:48:14.175Z] INFO [55e3dc00-2872-48ab-bc2c-5cf3eea736a2] [START-SESSION] Session created successfully - returning immediate response
{
  "sessionId": "e110cd97-7d69-485b-b565-6a2c55c01e92",
  "chunksCount": 4,
  "questionsCount": 2,
  "hasWelcomeAudio": true,
  "backgroundProcessesStarted": true
}

[2025-08-28T07:48:14.179Z] INFO [c708f201-0fcd-453a-a65e-dae009f9dc73] [PROGRESS-SERVICE] Creating lesson plan
{
  "sessionId": "e110cd97-7d69-485b-b565-6a2c55c01e92"
}

[2025-08-28T07:48:16.071Z] INFO [c708f201-0fcd-453a-a65e-dae009f9dc73] [PROGRESS-SERVICE] Lesson plan created
{
  "plannedConcepts": 0,
  "plannedEquations": 0,
  "estimatedChunks": 1
}

[2025-08-28T07:48:16.073Z] INFO [55e3dc00-2872-48ab-bc2c-5cf3eea736a2] [Lesson] Background progress tracking completed
{
  "sessionId": "e110cd97-7d69-485b-b565-6a2c55c01e92",
  "conceptsCount": 0
}

[2025-08-28T10:31:19.257Z] INFO [6fb6539f-cf41-455b-8959-5fbdb78a319d] [START-SESSION] Starting new lesson session
{}

[2025-08-28T10:31:19.964Z] INFO [6fb6539f-cf41-455b-8959-5fbdb78a319d] [START-SESSION] Request data
{
  "subjectId": "e127cb71-acdb-433e-8b6d-9777a80a7511",
  "topicId": "a49fddc8-595f-4b1e-b0b9-1f4e3187b0a8"
}

[2025-08-28T10:31:20.135Z] INFO [6fb6539f-cf41-455b-8959-5fbdb78a319d] [START-SESSION] Authenticating user
{}

[2025-08-28T10:31:27.556Z] INFO [6fb6539f-cf41-455b-8959-5fbdb78a319d] [START-SESSION] User authenticated
{
  "userId": "f9087ec2-2eb0-422b-b73b-01535ef9858c"
}

[2025-08-28T10:31:27.558Z] INFO [6fb6539f-cf41-455b-8959-5fbdb78a319d] [Database] Fetching subject data
{
  "subjectId": "e127cb71-acdb-433e-8b6d-9777a80a7511"
}

[2025-08-28T10:31:29.303Z] INFO [6fb6539f-cf41-455b-8959-5fbdb78a319d] [Database] Subject found
{
  "name": "Physics",
  "hasDescription": true
}

[2025-08-28T10:31:29.306Z] INFO [6fb6539f-cf41-455b-8959-5fbdb78a319d] [Database] Fetching topic data
{
  "topicId": "a49fddc8-595f-4b1e-b0b9-1f4e3187b0a8"
}

[2025-08-28T10:31:30.720Z] INFO [6fb6539f-cf41-455b-8959-5fbdb78a319d] [Database] Topic found
{
  "topicName": "Kinematics"
}

[2025-08-28T10:31:30.878Z] INFO [6fb6539f-cf41-455b-8959-5fbdb78a319d] [Database] Fetching resources
{
  "subjectId": "e127cb71-acdb-433e-8b6d-9777a80a7511",
  "topicId": "a49fddc8-595f-4b1e-b0b9-1f4e3187b0a8"
}

[2025-08-28T10:31:32.203Z] INFO [6fb6539f-cf41-455b-8959-5fbdb78a319d] [Database] Resources fetched
{
  "count": 1,
  "titles": [
    "Kinematics Fundamentals"
  ]
}

[2025-08-28T10:31:32.207Z] INFO [6fb6539f-cf41-455b-8959-5fbdb78a319d] [START-SESSION] Preparing lesson planning context
{}

[2025-08-28T10:31:32.672Z] INFO [6fb6539f-cf41-455b-8959-5fbdb78a319d] [START-SESSION] Context prepared
{
  "resourceContextLength": 156,
  "topicContext": "Topic: Kinematics"
}

[2025-08-28T10:31:33.032Z] INFO [6fb6539f-cf41-455b-8959-5fbdb78a319d] [START-SESSION] Getting master lesson plan
{}

[2025-08-28T10:31:33.228Z] INFO [b5a93e86-ff97-43bd-8e3b-c7e03d2ee43e] [MASTER-LESSON-PLAN] Getting or creating master plan
{
  "subjectId": "e127cb71-acdb-433e-8b6d-9777a80a7511",
  "topicId": "a49fddc8-595f-4b1e-b0b9-1f4e3187b0a8",
  "subjectName": "Kinematics",
  "topicName": "Physics"
}

[2025-08-28T10:31:34.687Z] INFO [b5a93e86-ff97-43bd-8e3b-c7e03d2ee43e] [MASTER-LESSON-PLAN] Creating new master plan
{}

[2025-08-28T10:32:23.980Z] INFO [b5a93e86-ff97-43bd-8e3b-c7e03d2ee43e] [MASTER-LESSON-PLAN] Master plan created and saved
{
  "planId": "7075216a-cb12-4add-add4-21cd32762155",
  "chunkCount": "4"
}

[2025-08-28T10:32:24.473Z] INFO [6fb6539f-cf41-455b-8959-5fbdb78a319d] [Lesson] Master lesson plan retrieved
{
  "planId": "7075216a-cb12-4add-add4-21cd32762155",
  "chunksCount": 4,
  "conceptsCount": 4,
  "estimatedDuration": 45
}

[2025-08-28T10:32:24.611Z] INFO [6fb6539f-cf41-455b-8959-5fbdb78a319d] [Lesson] Converting master plan to enhanced format
{}

[2025-08-28T10:32:24.884Z] INFO [6fb6539f-cf41-455b-8959-5fbdb78a319d] [Lesson] Generating assessment questions
{}

[2025-08-28T10:32:34.518Z] INFO [6fb6539f-cf41-455b-8959-5fbdb78a319d] [Lesson] Questions enhanced in batch
{
  "enhancedCount": 2
}

[2025-08-28T10:32:34.654Z] INFO [6fb6539f-cf41-455b-8959-5fbdb78a319d] [UnrealSpeech] Generating welcome message audio
{}

[2025-08-28T10:32:42.961Z] INFO [6fb6539f-cf41-455b-8959-5fbdb78a319d] [Storage] Welcome audio uploaded
{
  "url": "https://sqlxxvrpmzxjyehbpeuw.supabase.co/storage/v1/object/public/audio/welcome_6fb6539f-cf41-455b-8959-5fbdb78a319d.mp3"
}

[2025-08-28T10:32:43.174Z] INFO [6fb6539f-cf41-455b-8959-5fbdb78a319d] [Storage] Preparing assessment questions for background audio generation
{
  "questionCount": 2
}

[2025-08-28T10:32:43.176Z] INFO [6fb6539f-cf41-455b-8959-5fbdb78a319d] [Database] Creating lesson session
{}

[2025-08-28T10:32:44.388Z] INFO [6fb6539f-cf41-455b-8959-5fbdb78a319d] [Database] Session created successfully
{
  "sessionId": "68dfef9d-e473-4f4e-bf58-0fcdb986d9ae",
  "phase": "assessment"
}

[2025-08-28T10:32:44.841Z] INFO [6fb6539f-cf41-455b-8959-5fbdb78a319d] [Lesson] Deferring progress tracking to background
{}

[2025-08-28T10:32:44.844Z] INFO [6fb6539f-cf41-455b-8959-5fbdb78a319d] [Lesson] Starting background progress tracking
{
  "sessionId": "68dfef9d-e473-4f4e-bf58-0fcdb986d9ae"
}

[2025-08-28T10:32:44.848Z] INFO [b3e62bc4-6305-43fc-8ef7-565e2c531b2a] [PROGRESS-SERVICE] Analyzing RAG content
{
  "subject": "Physics"
}

[2025-08-28T10:32:44.854Z] INFO [b3e62bc4-6305-43fc-8ef7-565e2c531b2a] [PROGRESS-SERVICE] RAG content analysis completed
{
  "conceptsFound": 0,
  "equationsFound": 0,
  "sectionsFound": 0,
  "complexity": "beginner",
  "duration": 2
}

[2025-08-28T10:32:44.861Z] INFO [6fb6539f-cf41-455b-8959-5fbdb78a319d] [Lesson] Starting background audio generation
{
  "sessionId": "68dfef9d-e473-4f4e-bf58-0fcdb986d9ae"
}

[2025-08-28T10:32:44.869Z] INFO [6fb6539f-cf41-455b-8959-5fbdb78a319d] [START-SESSION] Session created successfully - returning immediate response
{
  "sessionId": "68dfef9d-e473-4f4e-bf58-0fcdb986d9ae",
  "chunksCount": 4,
  "questionsCount": 2,
  "hasWelcomeAudio": true,
  "backgroundProcessesStarted": true
}

[2025-08-28T10:32:44.875Z] INFO [0dbe7989-00b3-4991-8441-5e4449d64702] [PROGRESS-SERVICE] Creating lesson plan
{
  "sessionId": "68dfef9d-e473-4f4e-bf58-0fcdb986d9ae"
}

[2025-08-28T10:32:46.895Z] INFO [0dbe7989-00b3-4991-8441-5e4449d64702] [PROGRESS-SERVICE] Lesson plan created
{
  "plannedConcepts": 0,
  "plannedEquations": 0,
  "estimatedChunks": 1
}

[2025-08-28T10:32:46.897Z] INFO [6fb6539f-cf41-455b-8959-5fbdb78a319d] [Lesson] Background progress tracking completed
{
  "sessionId": "68dfef9d-e473-4f4e-bf58-0fcdb986d9ae",
  "conceptsCount": 0
}

[2025-08-28T10:34:24.032Z] INFO [299e5c28-4909-453c-9c45-2f83eb8521da] [GENERATE-QUESTION-AUDIO] Starting background audio generation
{}

[2025-08-28T11:50:44.725Z] INFO [67db44b4-f129-44eb-a645-d538c742b5ab] [START-SESSION] Starting new lesson session
{}

[2025-08-28T11:50:44.841Z] INFO [67db44b4-f129-44eb-a645-d538c742b5ab] [START-SESSION] Request data
{
  "subjectId": "e127cb71-acdb-433e-8b6d-9777a80a7511",
  "topicId": "a49fddc8-595f-4b1e-b0b9-1f4e3187b0a8"
}

[2025-08-28T11:50:44.887Z] INFO [67db44b4-f129-44eb-a645-d538c742b5ab] [START-SESSION] Authenticating user
{}

[2025-08-28T11:50:47.145Z] INFO [67db44b4-f129-44eb-a645-d538c742b5ab] [START-SESSION] User authenticated
{
  "userId": "f9087ec2-2eb0-422b-b73b-01535ef9858c"
}

[2025-08-28T11:50:47.147Z] INFO [67db44b4-f129-44eb-a645-d538c742b5ab] [Database] Fetching subject data
{
  "subjectId": "e127cb71-acdb-433e-8b6d-9777a80a7511"
}

[2025-08-28T11:50:47.948Z] INFO [67db44b4-f129-44eb-a645-d538c742b5ab] [Database] Subject found
{
  "name": "Physics",
  "hasDescription": true
}

[2025-08-28T11:50:47.950Z] INFO [67db44b4-f129-44eb-a645-d538c742b5ab] [Database] Fetching topic data
{
  "topicId": "a49fddc8-595f-4b1e-b0b9-1f4e3187b0a8"
}

[2025-08-28T11:50:48.673Z] INFO [67db44b4-f129-44eb-a645-d538c742b5ab] [Database] Topic found
{
  "topicName": "Kinematics"
}

[2025-08-28T11:50:48.689Z] INFO [67db44b4-f129-44eb-a645-d538c742b5ab] [Database] Fetching resources
{
  "subjectId": "e127cb71-acdb-433e-8b6d-9777a80a7511",
  "topicId": "a49fddc8-595f-4b1e-b0b9-1f4e3187b0a8"
}

[2025-08-28T11:50:49.402Z] INFO [67db44b4-f129-44eb-a645-d538c742b5ab] [Database] Resources fetched
{
  "count": 1,
  "titles": [
    "Kinematics Fundamentals"
  ]
}

[2025-08-28T11:50:49.406Z] INFO [67db44b4-f129-44eb-a645-d538c742b5ab] [START-SESSION] Preparing lesson planning context
{}

[2025-08-28T11:50:49.408Z] INFO [67db44b4-f129-44eb-a645-d538c742b5ab] [START-SESSION] Context prepared
{
  "resourceContextLength": 156,
  "topicContext": "Topic: Kinematics"
}

[2025-08-28T11:50:49.411Z] INFO [67db44b4-f129-44eb-a645-d538c742b5ab] [START-SESSION] Getting master lesson plan
{}

[2025-08-28T11:50:49.415Z] INFO [02da7bcd-80aa-473b-8c3e-f04de0bf4c31] [MASTER-LESSON-PLAN] Getting or creating master plan
{
  "subjectId": "e127cb71-acdb-433e-8b6d-9777a80a7511",
  "topicId": "a49fddc8-595f-4b1e-b0b9-1f4e3187b0a8",
  "subjectName": "Kinematics",
  "topicName": "Physics"
}

[2025-08-28T11:50:50.106Z] INFO [02da7bcd-80aa-473b-8c3e-f04de0bf4c31] [MASTER-LESSON-PLAN] Creating new master plan
{}

[2025-08-28T11:51:06.578Z] INFO [02da7bcd-80aa-473b-8c3e-f04de0bf4c31] [MASTER-LESSON-PLAN] Master plan created and saved
{
  "planId": "6cecd2a8-fb78-4796-ae5a-2b2b8c2ab363",
  "chunkCount": "4"
}

[2025-08-28T11:51:06.581Z] INFO [67db44b4-f129-44eb-a645-d538c742b5ab] [Lesson] Master lesson plan retrieved
{
  "planId": "6cecd2a8-fb78-4796-ae5a-2b2b8c2ab363",
  "chunksCount": 4,
  "conceptsCount": 4,
  "estimatedDuration": 45
}

[2025-08-28T11:51:06.584Z] INFO [67db44b4-f129-44eb-a645-d538c742b5ab] [Lesson] Converting master plan to enhanced format
{}

[2025-08-28T11:51:06.586Z] INFO [67db44b4-f129-44eb-a645-d538c742b5ab] [Lesson] Generating assessment questions
{}

[2025-08-28T11:51:06.732Z] INFO [67db44b4-f129-44eb-a645-d538c742b5ab] [Lesson] Insufficient assessment questions, generating more
{
  "currentCount": 1
}

[2025-08-28T11:51:08.622Z] INFO [67db44b4-f129-44eb-a645-d538c742b5ab] [Lesson] Additional questions generated
{
  "newCount": 2
}

[2025-08-28T11:51:08.624Z] INFO [67db44b4-f129-44eb-a645-d538c742b5ab] [Lesson] Converting criteria to engaging questions
{}

[2025-08-28T11:51:10.694Z] INFO [67db44b4-f129-44eb-a645-d538c742b5ab] [Lesson] Question enhanced
{
  "original": "Ability to solve kinematic problems and explain th",
  "enhanced": "Can you solve the following kinematic problem and "
}

[2025-08-28T11:51:10.697Z] INFO [67db44b4-f129-44eb-a645-d538c742b5ab] [UnrealSpeech] Generating welcome message audio
{}

[2025-08-28T11:51:16.845Z] INFO [67db44b4-f129-44eb-a645-d538c742b5ab] [Storage] Welcome audio uploaded
{
  "url": "https://sqlxxvrpmzxjyehbpeuw.supabase.co/storage/v1/object/public/audio/welcome_67db44b4-f129-44eb-a645-d538c742b5ab.mp3"
}

[2025-08-28T11:51:16.892Z] INFO [67db44b4-f129-44eb-a645-d538c742b5ab] [Storage] Generating assessment question audio
{
  "questionCount": 2
}

[2025-08-28T11:51:36.850Z] INFO [67db44b4-f129-44eb-a645-d538c742b5ab] [Database] Creating lesson session
{}

[2025-08-28T11:51:38.087Z] INFO [67db44b4-f129-44eb-a645-d538c742b5ab] [Database] Session created successfully
{
  "sessionId": "22a27e28-66f6-4974-a5b8-8e01c9ac295b",
  "phase": "assessment"
}

[2025-08-28T11:51:38.089Z] INFO [67db44b4-f129-44eb-a645-d538c742b5ab] [Lesson] Initializing progress tracking
{}

[2025-08-28T11:51:38.094Z] INFO [2df3ce42-9a63-4b81-b469-a873f16063d7] [PROGRESS-SERVICE] Analyzing RAG content
{
  "subject": "Physics"
}

[2025-08-28T11:51:38.440Z] INFO [2df3ce42-9a63-4b81-b469-a873f16063d7] [PROGRESS-SERVICE] RAG content analysis completed
{
  "conceptsFound": 0,
  "equationsFound": 0,
  "sectionsFound": 0,
  "complexity": "beginner",
  "duration": 2
}

[2025-08-28T11:51:38.598Z] INFO [10f54a88-fe0d-409b-84c0-2d241ab2c10b] [PROGRESS-SERVICE] Creating lesson plan
{
  "sessionId": "22a27e28-66f6-4974-a5b8-8e01c9ac295b"
}

[2025-08-28T11:51:39.790Z] INFO [10f54a88-fe0d-409b-84c0-2d241ab2c10b] [PROGRESS-SERVICE] Lesson plan created
{
  "plannedConcepts": 0,
  "plannedEquations": 0,
  "estimatedChunks": 1
}

[2025-08-28T11:51:39.982Z] INFO [67db44b4-f129-44eb-a645-d538c742b5ab] [Lesson] Progress tracking initialized
{
  "sessionId": "22a27e28-66f6-4974-a5b8-8e01c9ac295b",
  "conceptsCount": 0
}

[2025-08-28T11:51:40.315Z] INFO [67db44b4-f129-44eb-a645-d538c742b5ab] [START-SESSION] Session created successfully
{
  "sessionId": "22a27e28-66f6-4974-a5b8-8e01c9ac295b",
  "chunksCount": 4,
  "questionsCount": 2,
  "hasWelcomeAudio": true
}

