[2025-08-09T13:58:07.160Z] INFO [b7b217bd-ae77-48f4-9b43-49811cd033b7] [START-SESSION] Starting new lesson session
{}

[2025-08-09T13:58:07.162Z] INFO [b7b217bd-ae77-48f4-9b43-49811cd033b7] [START-SESSION] Request data
{
  "subjectId": "7fe2b9f0-f6a7-4035-871a-0a4ccb1d5860"
}

[2025-08-09T13:58:07.166Z] INFO [b7b217bd-ae77-48f4-9b43-49811cd033b7] [START-SESSION] Authenticating user
{}

[2025-08-09T13:58:08.418Z] INFO [b7b217bd-ae77-48f4-9b43-49811cd033b7] [START-SESSION] User authenticated
{
  "userId": "b50bca67-bbc6-485b-a9a7-6c0574dca179"
}

[2025-08-09T13:58:08.419Z] INFO [b7b217bd-ae77-48f4-9b43-49811cd033b7] [Database] Fetching subject data
{
  "subjectId": "7fe2b9f0-f6a7-4035-871a-0a4ccb1d5860"
}

[2025-08-09T13:58:08.632Z] INFO [b7b217bd-ae77-48f4-9b43-49811cd033b7] [Database] Subject found
{
  "name": "Physics",
  "hasDescription": true
}

[2025-08-09T13:58:08.633Z] INFO [b7b217bd-ae77-48f4-9b43-49811cd033b7] [START-SESSION] No topic specified, using general subject
{}

[2025-08-09T13:58:08.634Z] INFO [b7b217bd-ae77-48f4-9b43-49811cd033b7] [Database] Fetching resources
{
  "subjectId": "7fe2b9f0-f6a7-4035-871a-0a4ccb1d5860"
}

[2025-08-09T15:59:38.380Z] INFO [fd0f8937-26b3-4dd8-a5cc-d588be7bb622] [START-SESSION] Starting new lesson session
{}

[2025-08-09T15:59:38.381Z] INFO [fd0f8937-26b3-4dd8-a5cc-d588be7bb622] [START-SESSION] Request data
{
  "subjectId": "4125e30b-b07e-49f3-90ec-46a00c338367",
  "topicId": "8ac1a6e9-6768-4ea3-96a0-a861a72bee04"
}

[2025-08-09T15:59:38.384Z] INFO [fd0f8937-26b3-4dd8-a5cc-d588be7bb622] [START-SESSION] Authenticating user
{}

[2025-08-09T15:59:39.455Z] INFO [fd0f8937-26b3-4dd8-a5cc-d588be7bb622] [START-SESSION] User authenticated
{
  "userId": "b50bca67-bbc6-485b-a9a7-6c0574dca179"
}

[2025-08-09T15:59:39.456Z] INFO [fd0f8937-26b3-4dd8-a5cc-d588be7bb622] [Database] Fetching subject data
{
  "subjectId": "4125e30b-b07e-49f3-90ec-46a00c338367"
}

[2025-08-09T15:59:39.837Z] INFO [fd0f8937-26b3-4dd8-a5cc-d588be7bb622] [Database] Subject found
{
  "name": "Physics",
  "hasDescription": false
}

[2025-08-09T15:59:39.838Z] INFO [fd0f8937-26b3-4dd8-a5cc-d588be7bb622] [Database] Fetching topic data
{
  "topicId": "8ac1a6e9-6768-4ea3-96a0-a861a72bee04"
}

[2025-08-09T15:59:40.178Z] INFO [fd0f8937-26b3-4dd8-a5cc-d588be7bb622] [Database] Topic found
{
  "topicName": "Kinematics"
}

[2025-08-09T15:59:40.179Z] INFO [fd0f8937-26b3-4dd8-a5cc-d588be7bb622] [Database] Fetching resources
{
  "subjectId": "4125e30b-b07e-49f3-90ec-46a00c338367",
  "topicId": "8ac1a6e9-6768-4ea3-96a0-a861a72bee04"
}

[2025-08-09T15:59:40.473Z] INFO [fd0f8937-26b3-4dd8-a5cc-d588be7bb622] [Database] Resources fetched
{
  "count": 1,
  "titles": [
    "Kinematics Fundamentals"
  ]
}

[2025-08-09T15:59:40.474Z] INFO [fd0f8937-26b3-4dd8-a5cc-d588be7bb622] [START-SESSION] Preparing lesson planning context
{}

[2025-08-09T15:59:40.475Z] INFO [fd0f8937-26b3-4dd8-a5cc-d588be7bb622] [START-SESSION] Context prepared
{
  "resourceContextLength": 156,
  "topicContext": "Topic: Kinematics"
}

[2025-08-09T15:59:47.322Z] INFO [fd0f8937-26b3-4dd8-a5cc-d588be7bb622] [Lesson] Lesson plan parsed successfully
{
  "hasOverview": true,
  "conceptsCount": 3,
  "questionsCount": 3,
  "estimatedDuration": "15 minutes"
}

[2025-08-09T15:59:47.322Z] INFO [fd0f8937-26b3-4dd8-a5cc-d588be7bb622] [Database] Creating lesson session in database
{}

[2025-08-09T15:59:47.323Z] INFO [fd0f8937-26b3-4dd8-a5cc-d588be7bb622] [Database] Session data to insert
{
  "user_id": "b50bca67-bbc6-485b-a9a7-6c0574dca179",
  "subject_id": "4125e30b-b07e-49f3-90ec-46a00c338367",
  "topic_id": "8ac1a6e9-6768-4ea3-96a0-a861a72bee04",
  "current_phase": "assessment",
  "hasLessonPlan": true,
  "session_status": "active"
}

[2025-08-09T16:00:14.082Z] INFO [a8a34105-3978-428d-a098-90ed502f679c] [START-SESSION] Starting new lesson session
{}

[2025-08-09T16:00:14.083Z] INFO [a8a34105-3978-428d-a098-90ed502f679c] [START-SESSION] Request data
{
  "subjectId": "4125e30b-b07e-49f3-90ec-46a00c338367",
  "topicId": "8ac1a6e9-6768-4ea3-96a0-a861a72bee04"
}

[2025-08-09T16:00:14.084Z] INFO [a8a34105-3978-428d-a098-90ed502f679c] [START-SESSION] Authenticating user
{}

[2025-08-09T16:00:14.926Z] INFO [a8a34105-3978-428d-a098-90ed502f679c] [START-SESSION] User authenticated
{
  "userId": "b50bca67-bbc6-485b-a9a7-6c0574dca179"
}

[2025-08-09T16:00:14.926Z] INFO [a8a34105-3978-428d-a098-90ed502f679c] [Database] Fetching subject data
{
  "subjectId": "4125e30b-b07e-49f3-90ec-46a00c338367"
}

[2025-08-09T16:00:15.287Z] INFO [a8a34105-3978-428d-a098-90ed502f679c] [Database] Subject found
{
  "name": "Physics",
  "hasDescription": false
}

[2025-08-09T16:00:15.287Z] INFO [a8a34105-3978-428d-a098-90ed502f679c] [Database] Fetching topic data
{
  "topicId": "8ac1a6e9-6768-4ea3-96a0-a861a72bee04"
}

[2025-08-09T16:00:15.578Z] INFO [a8a34105-3978-428d-a098-90ed502f679c] [Database] Topic found
{
  "topicName": "Kinematics"
}

[2025-08-09T16:00:15.579Z] INFO [a8a34105-3978-428d-a098-90ed502f679c] [Database] Fetching resources
{
  "subjectId": "4125e30b-b07e-49f3-90ec-46a00c338367",
  "topicId": "8ac1a6e9-6768-4ea3-96a0-a861a72bee04"
}

[2025-08-09T16:00:15.869Z] INFO [a8a34105-3978-428d-a098-90ed502f679c] [Database] Resources fetched
{
  "count": 1,
  "titles": [
    "Kinematics Fundamentals"
  ]
}

[2025-08-09T16:00:15.869Z] INFO [a8a34105-3978-428d-a098-90ed502f679c] [START-SESSION] Preparing lesson planning context
{}

[2025-08-09T16:00:15.870Z] INFO [a8a34105-3978-428d-a098-90ed502f679c] [START-SESSION] Context prepared
{
  "resourceContextLength": 156,
  "topicContext": "Topic: Kinematics"
}

[2025-08-09T16:00:21.557Z] INFO [a8a34105-3978-428d-a098-90ed502f679c] [Lesson] Lesson plan parsed successfully
{
  "hasOverview": true,
  "conceptsCount": 3,
  "questionsCount": 3,
  "estimatedDuration": "15 minutes"
}

[2025-08-09T16:00:21.557Z] INFO [a8a34105-3978-428d-a098-90ed502f679c] [Database] Creating lesson session in database
{}

[2025-08-09T16:00:21.557Z] INFO [a8a34105-3978-428d-a098-90ed502f679c] [Database] Session data to insert
{
  "user_id": "b50bca67-bbc6-485b-a9a7-6c0574dca179",
  "subject_id": "4125e30b-b07e-49f3-90ec-46a00c338367",
  "topic_id": "8ac1a6e9-6768-4ea3-96a0-a861a72bee04",
  "current_phase": "assessment",
  "hasLessonPlan": true,
  "session_status": "active"
}

[2025-08-09T16:03:33.569Z] INFO [a325b794-20a6-41e2-8082-d149e0550ce9] [START-SESSION] Starting new lesson session
{}

[2025-08-09T16:03:33.571Z] INFO [a325b794-20a6-41e2-8082-d149e0550ce9] [START-SESSION] Request data
{
  "subjectId": "4125e30b-b07e-49f3-90ec-46a00c338367",
  "topicId": "8ac1a6e9-6768-4ea3-96a0-a861a72bee04"
}

[2025-08-09T16:03:33.579Z] INFO [a325b794-20a6-41e2-8082-d149e0550ce9] [START-SESSION] Authenticating user
{}

[2025-08-09T16:03:34.217Z] INFO [a325b794-20a6-41e2-8082-d149e0550ce9] [START-SESSION] User authenticated
{
  "userId": "b50bca67-bbc6-485b-a9a7-6c0574dca179"
}

[2025-08-09T16:03:34.218Z] INFO [a325b794-20a6-41e2-8082-d149e0550ce9] [Database] Fetching subject data
{
  "subjectId": "4125e30b-b07e-49f3-90ec-46a00c338367"
}

[2025-08-09T16:03:34.471Z] INFO [a325b794-20a6-41e2-8082-d149e0550ce9] [Database] Subject found
{
  "name": "Physics",
  "hasDescription": false
}

[2025-08-09T16:03:34.471Z] INFO [a325b794-20a6-41e2-8082-d149e0550ce9] [Database] Fetching topic data
{
  "topicId": "8ac1a6e9-6768-4ea3-96a0-a861a72bee04"
}

[2025-08-09T16:03:34.688Z] INFO [a325b794-20a6-41e2-8082-d149e0550ce9] [Database] Topic found
{
  "topicName": "Kinematics"
}

[2025-08-09T16:03:34.689Z] INFO [a325b794-20a6-41e2-8082-d149e0550ce9] [Database] Fetching resources
{
  "subjectId": "4125e30b-b07e-49f3-90ec-46a00c338367",
  "topicId": "8ac1a6e9-6768-4ea3-96a0-a861a72bee04"
}

[2025-08-09T16:03:34.891Z] INFO [a325b794-20a6-41e2-8082-d149e0550ce9] [Database] Resources fetched
{
  "count": 1,
  "titles": [
    "Kinematics Fundamentals"
  ]
}

[2025-08-09T16:03:34.893Z] INFO [a325b794-20a6-41e2-8082-d149e0550ce9] [START-SESSION] Preparing lesson planning context
{}

[2025-08-09T16:03:34.893Z] INFO [a325b794-20a6-41e2-8082-d149e0550ce9] [START-SESSION] Context prepared
{
  "resourceContextLength": 156,
  "topicContext": "Topic: Kinematics"
}

[2025-08-09T16:03:41.098Z] INFO [a325b794-20a6-41e2-8082-d149e0550ce9] [Lesson] Lesson plan parsed successfully
{
  "hasOverview": true,
  "conceptsCount": 3,
  "questionsCount": 3,
  "estimatedDuration": "20 minutes"
}

[2025-08-09T16:03:41.099Z] INFO [a325b794-20a6-41e2-8082-d149e0550ce9] [Database] Creating lesson session in database
{}

[2025-08-09T16:03:41.099Z] INFO [a325b794-20a6-41e2-8082-d149e0550ce9] [Database] Session data to insert
{
  "user_id": "b50bca67-bbc6-485b-a9a7-6c0574dca179",
  "subject_id": "4125e30b-b07e-49f3-90ec-46a00c338367",
  "topic_id": "8ac1a6e9-6768-4ea3-96a0-a861a72bee04",
  "current_phase": "assessment",
  "hasLessonPlan": true,
  "status": "active"
}

[2025-08-09T16:03:42.016Z] INFO [a325b794-20a6-41e2-8082-d149e0550ce9] [Database] Session created successfully
{
  "sessionId": "f03ccd97-dc0d-436a-b20d-8dc1a751b14d"
}

[2025-08-09T16:03:42.017Z] INFO [a325b794-20a6-41e2-8082-d149e0550ce9] [START-SESSION] Success! Returning response
{
  "sessionId": "f03ccd97-dc0d-436a-b20d-8dc1a751b14d",
  "subject": "Physics",
  "topic": "Kinematics",
  "hasOverview": true,
  "questionsCount": 3,
  "estimatedDuration": "20 minutes"
}

[2025-08-09T16:03:42.678Z] INFO [SESSION-GET] Fetching session data
{
  "sessionId": "f03ccd97-dc0d-436a-b20d-8dc1a751b14d"
}

[2025-08-09T16:03:42.680Z] INFO [SESSION-GET] Authenticating user

[2025-08-09T16:03:43.057Z] INFO [SESSION-GET] User authenticated
{
  "userId": "b50bca67-bbc6-485b-a9a7-6c0574dca179",
  "email": "muaz.shafiq18@gmail.com"
}

[2025-08-09T16:03:43.058Z] INFO [Database] Fetching session with related data

[2025-08-09T16:03:43.387Z] INFO [Database] Session found
{
  "sessionId": "f03ccd97-dc0d-436a-b20d-8dc1a751b14d",
  "subjectName": "Physics",
  "topicName": "Kinematics",
  "currentPhase": "assessment",
  "status": "active",
  "hasLessonPlan": true
}

[2025-08-09T16:03:43.387Z] INFO [SESSION-GET] Parsing lesson plan

[2025-08-09T16:03:43.389Z] INFO [Database] Fetching lesson chunks

[2025-08-09T16:03:43.708Z] INFO [Database] Chunks fetched
{
  "chunksCount": 0,
  "chunkIndexes": []
}

[2025-08-09T16:03:43.709Z] INFO [Database] Fetching student assessments

[2025-08-09T16:03:44.060Z] INFO [Database] Assessments fetched
{
  "assessmentsCount": 0,
  "assessmentTypes": []
}

[2025-08-09T16:03:44.061Z] INFO [SESSION-GET] Success! Returning session data
{
  "sessionId": "f03ccd97-dc0d-436a-b20d-8dc1a751b14d",
  "currentPhase": "assessment",
  "currentChunkIndex": 0,
  "status": "active",
  "chunksCount": 0,
  "assessmentsCount": 0,
  "hasLessonPlan": false
}

[2025-08-09T16:03:44.122Z] INFO [SESSION-GET] Fetching session data
{
  "sessionId": "f03ccd97-dc0d-436a-b20d-8dc1a751b14d"
}

[2025-08-09T16:03:44.123Z] INFO [SESSION-GET] Authenticating user

[2025-08-09T16:03:44.413Z] INFO [SESSION-GET] User authenticated
{
  "userId": "b50bca67-bbc6-485b-a9a7-6c0574dca179",
  "email": "muaz.shafiq18@gmail.com"
}

[2025-08-09T16:03:44.414Z] INFO [Database] Fetching session with related data

[2025-08-09T16:03:44.749Z] INFO [Database] Session found
{
  "sessionId": "f03ccd97-dc0d-436a-b20d-8dc1a751b14d",
  "subjectName": "Physics",
  "topicName": "Kinematics",
  "currentPhase": "assessment",
  "status": "active",
  "hasLessonPlan": true
}

[2025-08-09T16:03:44.750Z] INFO [SESSION-GET] Parsing lesson plan

[2025-08-09T16:03:44.751Z] INFO [Database] Fetching lesson chunks

[2025-08-09T16:03:45.050Z] INFO [Database] Chunks fetched
{
  "chunksCount": 0,
  "chunkIndexes": []
}

[2025-08-09T16:03:45.051Z] INFO [Database] Fetching student assessments

[2025-08-09T16:03:45.447Z] INFO [Database] Assessments fetched
{
  "assessmentsCount": 0,
  "assessmentTypes": []
}

[2025-08-09T16:03:45.448Z] INFO [SESSION-GET] Success! Returning session data
{
  "sessionId": "f03ccd97-dc0d-436a-b20d-8dc1a751b14d",
  "currentPhase": "assessment",
  "currentChunkIndex": 0,
  "status": "active",
  "chunksCount": 0,
  "assessmentsCount": 0,
  "hasLessonPlan": false
}

[2025-08-09T16:03:55.820Z] INFO [10616fb5-9a27-43f4-a135-edcbf1928ba5] [ASSESSMENT] Request received
{
  "sessionId": "f03ccd97-dc0d-436a-b20d-8dc1a751b14d",
  "answersCount": 0,
  "isArray": true
}

[2025-08-09T16:03:55.821Z] INFO [10616fb5-9a27-43f4-a135-edcbf1928ba5] [ASSESSMENT] Authenticating user
{}

[2025-08-09T16:03:58.104Z] INFO [10616fb5-9a27-43f4-a135-edcbf1928ba5] [ASSESSMENT] User authenticated
{
  "userId": "b50bca67-bbc6-485b-a9a7-6c0574dca179"
}

[2025-08-09T16:03:58.106Z] INFO [10616fb5-9a27-43f4-a135-edcbf1928ba5] [Database] Fetching session data
{
  "sessionId": "f03ccd97-dc0d-436a-b20d-8dc1a751b14d"
}

[2025-08-09T16:03:58.554Z] INFO [10616fb5-9a27-43f4-a135-edcbf1928ba5] [Database] Session found
{
  "id": "f03ccd97-dc0d-436a-b20d-8dc1a751b14d",
  "phase": "assessment",
  "hasLessonPlan": true
}

[2025-08-09T16:03:58.554Z] INFO [10616fb5-9a27-43f4-a135-edcbf1928ba5] [Database] Fetching resources
{
  "subjectId": "4125e30b-b07e-49f3-90ec-46a00c338367",
  "topicId": "8ac1a6e9-6768-4ea3-96a0-a861a72bee04"
}

[2025-08-09T16:04:00.082Z] INFO [10616fb5-9a27-43f4-a135-edcbf1928ba5] [Database] Resources fetched
{
  "count": 1,
  "titles": [
    "Kinematics Fundamentals"
  ]
}

[2025-08-09T16:04:00.082Z] INFO [10616fb5-9a27-43f4-a135-edcbf1928ba5] [Database] Storing student assessments
{
  "assessmentCount": 0
}

[2025-08-09T16:04:00.083Z] INFO [10616fb5-9a27-43f4-a135-edcbf1928ba5] [Database] All assessments stored
{}

[2025-08-09T16:04:00.083Z] INFO [10616fb5-9a27-43f4-a135-edcbf1928ba5] [ASSESSMENT] Preparing evaluation context
{}

[2025-08-09T16:04:00.083Z] INFO [10616fb5-9a27-43f4-a135-edcbf1928ba5] [ASSESSMENT] Context prepared
{
  "resourceContextLength": 156,
  "answersContextLength": 0,
  "answersCount": 0
}

[2025-08-09T16:04:08.818Z] INFO [10616fb5-9a27-43f4-a135-edcbf1928ba5] [ASSESSMENT] Parsing evaluation results
{
  "length": 1711,
  "preview": "```json\n{\n  \"student_evaluation\": {\n    \"understanding_level\": \"intermediate\",\n    \"strengths\": [\"Velocity vs Speed\", \"Basic Motion Equations\"],\n    \"areas_for_focus\": [\"Acceleration Effects\", \"Comple..."
}

[2025-08-09T16:04:08.818Z] INFO [10616fb5-9a27-43f4-a135-edcbf1928ba5] [ASSESSMENT] Content cleaned
{
  "cleanedLength": 1699
}

[2025-08-09T16:04:08.819Z] INFO [10616fb5-9a27-43f4-a135-edcbf1928ba5] [ASSESSMENT] Evaluation parsed successfully
{
  "hasStudentEvaluation": true,
  "understandingLevel": "intermediate",
  "hasRefinedPlan": true,
  "chunksCount": 3
}

[2025-08-09T16:04:08.819Z] INFO [10616fb5-9a27-43f4-a135-edcbf1928ba5] [Database] Updating session with refined lesson plan
{}

[2025-08-09T16:04:08.819Z] INFO [10616fb5-9a27-43f4-a135-edcbf1928ba5] [Database] Session update data prepared
{
  "newPhase": "delivery",
  "hasRefinedPlan": true,
  "responsesCount": 0
}

[2025-08-09T16:04:09.893Z] INFO [10616fb5-9a27-43f4-a135-edcbf1928ba5] [Database] Session updated successfully
{}

[2025-08-09T16:04:09.894Z] INFO [10616fb5-9a27-43f4-a135-edcbf1928ba5] [Database] Storing AI evaluations
{}

[2025-08-09T16:04:09.895Z] INFO [10616fb5-9a27-43f4-a135-edcbf1928ba5] [Database] All evaluations updated successfully
{}

[2025-08-09T16:04:09.896Z] INFO [10616fb5-9a27-43f4-a135-edcbf1928ba5] [ASSESSMENT] Assessment completed successfully
{
  "sessionId": "f03ccd97-dc0d-436a-b20d-8dc1a751b14d",
  "understandingLevel": "intermediate",
  "hasRefinedPlan": true,
  "chunksCount": 3,
  "nextPhase": "delivery",
  "processingTime": 14076
}

[2025-08-09T16:04:12.464Z] INFO [60215de7-dad6-4940-9c52-3c9a66d8c94a] [DELIVER-CHUNK] Starting chunk delivery
{}

[2025-08-09T16:04:12.464Z] INFO [60215de7-dad6-4940-9c52-3c9a66d8c94a] [DELIVER-CHUNK] Request received
{
  "sessionId": "f03ccd97-dc0d-436a-b20d-8dc1a751b14d",
  "chunkIndex": 0
}

[2025-08-09T16:04:12.465Z] INFO [60215de7-dad6-4940-9c52-3c9a66d8c94a] [Auth] Authenticating user
{}

[2025-08-09T16:04:13.376Z] INFO [60215de7-dad6-4940-9c52-3c9a66d8c94a] [Auth] User authenticated
{
  "userId": "b50bca67-bbc6-485b-a9a7-6c0574dca179"
}

[2025-08-09T16:04:13.377Z] INFO [60215de7-dad6-4940-9c52-3c9a66d8c94a] [Database] Fetching session data
{
  "sessionId": "f03ccd97-dc0d-436a-b20d-8dc1a751b14d"
}

[2025-08-09T16:04:13.874Z] INFO [60215de7-dad6-4940-9c52-3c9a66d8c94a] [Database] Session found
{
  "id": "f03ccd97-dc0d-436a-b20d-8dc1a751b14d",
  "phase": "delivery",
  "status": "active",
  "hasLessonPlan": true
}

[2025-08-09T16:04:13.875Z] INFO [60215de7-dad6-4940-9c52-3c9a66d8c94a] [Database] Checking for existing chunk
{
  "chunkIndex": 0
}

[2025-08-09T16:04:14.319Z] INFO [60215de7-dad6-4940-9c52-3c9a66d8c94a] [DELIVER-CHUNK] No existing chunk found, creating new one
{}

[2025-08-09T16:04:14.320Z] INFO [60215de7-dad6-4940-9c52-3c9a66d8c94a] [Database] Fetching resources
{
  "subjectId": "4125e30b-b07e-49f3-90ec-46a00c338367",
  "topicId": "8ac1a6e9-6768-4ea3-96a0-a861a72bee04"
}

[2025-08-09T16:04:16.813Z] INFO [60215de7-dad6-4940-9c52-3c9a66d8c94a] [Database] Resources fetched
{
  "count": 1,
  "titles": [
    "Kinematics Fundamentals"
  ]
}

[2025-08-09T16:04:16.813Z] INFO [60215de7-dad6-4940-9c52-3c9a66d8c94a] [DELIVER-CHUNK] Preparing resource context
{}

[2025-08-09T16:04:16.814Z] INFO [60215de7-dad6-4940-9c52-3c9a66d8c94a] [DELIVER-CHUNK] Resource context prepared
{
  "contextLength": 156
}

[2025-08-09T16:04:16.815Z] INFO [60215de7-dad6-4940-9c52-3c9a66d8c94a] [DELIVER-CHUNK] Analyzing lesson plan structure
{
  "hasLessonPlan": true,
  "hasLessonChunks": true,
  "totalChunks": 3,
  "requestedChunkIndex": 0
}

[2025-08-09T16:04:16.815Z] INFO [60215de7-dad6-4940-9c52-3c9a66d8c94a] [DELIVER-CHUNK] Target chunk found
{
  "hasContent": false
}

[2025-08-09T16:04:23.433Z] INFO [60215de7-dad6-4940-9c52-3c9a66d8c94a] [UnrealSpeech] Starting audio generation
{}

[2025-08-09T16:04:23.434Z] INFO [60215de7-dad6-4940-9c52-3c9a66d8c94a] [UnrealSpeech] Preparing request
{
  "textLength": 1477,
  "voiceId": "Scarlett",
  "hasApiKey": true
}

[2025-08-09T16:04:26.728Z] INFO [60215de7-dad6-4940-9c52-3c9a66d8c94a] [UnrealSpeech] API response received
{
  "status": 400,
  "statusText": "Bad Request",
  "headers": {
    "connection": "keep-alive",
    "content-length": "53",
    "content-type": "text/plain; charset=utf-8",
    "date": "Sat, 09 Aug 2025 16:04:31 GMT",
    "server": "nginx/1.18.0 (Ubuntu)"
  }
}

[2025-08-09T16:04:26.729Z] INFO [60215de7-dad6-4940-9c52-3c9a66d8c94a] [Database] Storing chunk in database
{}

[2025-08-09T16:04:26.730Z] INFO [60215de7-dad6-4940-9c52-3c9a66d8c94a] [Database] Chunk data prepared
{
  "session_id": "f03ccd97-dc0d-436a-b20d-8dc1a751b14d",
  "chunk_index": 0,
  "hasScript": true,
  "scriptLength": 1477,
  "hasAudio": false,
  "chunk_type": "lesson"
}

[2025-08-09T16:04:27.616Z] INFO [60215de7-dad6-4940-9c52-3c9a66d8c94a] [Database] Chunk stored successfully
{
  "chunkId": "d3af671d-0689-4f44-a196-a1c34f83962b"
}

[2025-08-09T16:04:27.616Z] INFO [60215de7-dad6-4940-9c52-3c9a66d8c94a] [Database] Updating session current chunk index
{
  "chunkIndex": 0
}

[2025-08-09T16:04:28.787Z] INFO [60215de7-dad6-4940-9c52-3c9a66d8c94a] [Database] Session updated successfully
{}

[2025-08-09T16:04:28.788Z] INFO [60215de7-dad6-4940-9c52-3c9a66d8c94a] [DELIVER-CHUNK] Chunk delivered successfully
{
  "chunkId": "d3af671d-0689-4f44-a196-a1c34f83962b",
  "contentLength": 1477,
  "hasAudio": false,
  "chunkIndex": 0,
  "totalChunks": 3,
  "isLastChunk": false,
  "processingTime": 16324
}

[2025-08-09T16:05:31.226Z] INFO [INTERACTION] New interaction request
{
  "sessionId": "f03ccd97-dc0d-436a-b20d-8dc1a751b14d",
  "questionLength": 39,
  "hasChunkId": true,
  "chunkId": "1754755449901"
}

[2025-08-09T16:05:31.227Z] INFO [INTERACTION] Authenticating user

[2025-08-09T16:05:32.621Z] INFO [INTERACTION] User authenticated
{
  "userId": "b50bca67-bbc6-485b-a9a7-6c0574dca179",
  "email": "muaz.shafiq18@gmail.com"
}

[2025-08-09T16:05:32.621Z] INFO [Database] Fetching session data
{
  "sessionId": "f03ccd97-dc0d-436a-b20d-8dc1a751b14d"
}

[2025-08-09T16:05:33.475Z] INFO [Database] Session found
{
  "sessionId": "f03ccd97-dc0d-436a-b20d-8dc1a751b14d",
  "subjectId": "4125e30b-b07e-49f3-90ec-46a00c338367",
  "topicId": "8ac1a6e9-6768-4ea3-96a0-a861a72bee04",
  "currentPhase": "delivery",
  "hasLessonPlan": true
}

[2025-08-09T16:05:33.475Z] INFO [Database] Fetching educational resources

[2025-08-09T16:05:33.887Z] INFO [Database] Resources fetched
{
  "resourcesCount": 1,
  "resourceTitles": [
    "Kinematics Fundamentals"
  ]
}

[2025-08-09T16:05:33.887Z] INFO [Database] Fetching chunk context
{
  "chunkId": "1754755449901"
}

[2025-08-09T16:05:34.318Z] WARN [INTERACTION] Could not load chunk context
{
  "chunkId": "1754755449901",
  "error": {
    "code": "22P02",
    "details": null,
    "hint": null,
    "message": "invalid input syntax for type uuid: \"1754755449901\""
  }
}

[2025-08-09T16:05:34.319Z] INFO [INTERACTION] Preparing context for AI response

[2025-08-09T16:05:34.319Z] INFO [INTERACTION] Context prepared
{
  "resourceContextLength": 156,
  "lessonContextLength": 1290,
  "hasCurrentChunk": false,
  "currentChunkLength": 0
}

[2025-08-09T16:05:39.525Z] INFO [Database] Storing interaction

[2025-08-09T16:05:40.373Z] INFO [Database] Updating chunk interaction
{
  "chunkId": "1754755449901"
}

[2025-08-09T16:05:40.730Z] INFO [INTERACTION] Generating audio with Unreal Speech

[2025-08-09T16:05:40.731Z] INFO [INTERACTION] Unreal Speech payload prepared
{
  "textLength": 591,
  "voiceId": "Scarlett",
  "bitrate": "192k"
}

[2025-08-09T16:05:44.603Z] INFO [INTERACTION] Unreal Speech API response
{
  "status": 200
}

[2025-08-09T16:06:28.229Z] INFO [INTERACTION] Audio generated
{
  "sizeBytes": 889776
}

[2025-08-09T16:06:28.230Z] INFO [INTERACTION] Uploading audio to Supabase
{
  "fileName": "interaction-audio/f03ccd97-dc0d-436a-b20d-8dc1a751b14d/response-1754755588230.mp3"
}

[2025-08-09T16:06:31.195Z] INFO [INTERACTION] Audio uploaded successfully
{
  "audioUrl": "https://sqlxxvrpmzxjyehbpeuw.supabase.co/storage/v1/object/public/lessons/interaction-audio/f03ccd97-dc0d-436a-b20d-8dc1a751b14d/response-1754755588230.mp3"
}

[2025-08-09T16:06:31.196Z] INFO [INTERACTION] Success! Returning response
{
  "canAnswer": true,
  "hasAnswer": true,
  "answerLength": 591,
  "hasAudio": true,
  "resourceUsed": "Kinematics Fundamentals"
}

[2025-08-09T16:12:51.915Z] INFO [6b1f8d74-7c58-4f4b-9a20-c8c9ec60d5cc] [START-SESSION] Starting new lesson session
{}

[2025-08-09T16:12:51.916Z] INFO [6b1f8d74-7c58-4f4b-9a20-c8c9ec60d5cc] [START-SESSION] Request data
{
  "subjectId": "4125e30b-b07e-49f3-90ec-46a00c338367",
  "topicId": "8ac1a6e9-6768-4ea3-96a0-a861a72bee04"
}

[2025-08-09T16:12:51.917Z] INFO [6b1f8d74-7c58-4f4b-9a20-c8c9ec60d5cc] [START-SESSION] Authenticating user
{}

[2025-08-09T16:14:21.088Z] INFO [4f07c2d1-aa1c-4391-9d69-49095996d474] [START-SESSION] Starting new lesson session
{}

[2025-08-09T16:14:21.088Z] INFO [4f07c2d1-aa1c-4391-9d69-49095996d474] [START-SESSION] Request data
{
  "subjectId": "4125e30b-b07e-49f3-90ec-46a00c338367",
  "topicId": "8ac1a6e9-6768-4ea3-96a0-a861a72bee04"
}

[2025-08-09T16:14:21.089Z] INFO [4f07c2d1-aa1c-4391-9d69-49095996d474] [START-SESSION] Authenticating user
{}

[2025-08-09T16:14:21.957Z] INFO [4f07c2d1-aa1c-4391-9d69-49095996d474] [START-SESSION] User authenticated
{
  "userId": "b50bca67-bbc6-485b-a9a7-6c0574dca179"
}

[2025-08-09T16:14:21.958Z] INFO [4f07c2d1-aa1c-4391-9d69-49095996d474] [Database] Fetching subject data
{
  "subjectId": "4125e30b-b07e-49f3-90ec-46a00c338367"
}

[2025-08-09T16:14:22.352Z] INFO [4f07c2d1-aa1c-4391-9d69-49095996d474] [Database] Subject found
{
  "name": "Physics",
  "hasDescription": false
}

[2025-08-09T16:14:22.353Z] INFO [4f07c2d1-aa1c-4391-9d69-49095996d474] [Database] Fetching topic data
{
  "topicId": "8ac1a6e9-6768-4ea3-96a0-a861a72bee04"
}

[2025-08-09T16:14:22.927Z] INFO [4f07c2d1-aa1c-4391-9d69-49095996d474] [Database] Topic found
{
  "topicName": "Kinematics"
}

[2025-08-09T16:14:22.927Z] INFO [4f07c2d1-aa1c-4391-9d69-49095996d474] [Database] Fetching resources
{
  "subjectId": "4125e30b-b07e-49f3-90ec-46a00c338367",
  "topicId": "8ac1a6e9-6768-4ea3-96a0-a861a72bee04"
}

[2025-08-09T16:14:23.236Z] INFO [4f07c2d1-aa1c-4391-9d69-49095996d474] [Database] Resources fetched
{
  "count": 1,
  "titles": [
    "Kinematics Fundamentals"
  ]
}

[2025-08-09T16:14:23.237Z] INFO [4f07c2d1-aa1c-4391-9d69-49095996d474] [START-SESSION] Preparing lesson planning context
{}

[2025-08-09T16:14:23.237Z] INFO [4f07c2d1-aa1c-4391-9d69-49095996d474] [START-SESSION] Context prepared
{
  "resourceContextLength": 156,
  "topicContext": "Topic: Kinematics"
}

[2025-08-09T16:14:29.661Z] INFO [4f07c2d1-aa1c-4391-9d69-49095996d474] [Lesson] Lesson plan parsed successfully
{
  "hasOverview": true,
  "conceptsCount": 3,
  "questionsCount": 3,
  "estimatedDuration": "15 minutes"
}

[2025-08-09T16:14:29.662Z] INFO [4f07c2d1-aa1c-4391-9d69-49095996d474] [Database] Creating lesson session in database
{}

[2025-08-09T16:14:29.662Z] INFO [4f07c2d1-aa1c-4391-9d69-49095996d474] [Database] Session data to insert
{
  "user_id": "b50bca67-bbc6-485b-a9a7-6c0574dca179",
  "subject_id": "4125e30b-b07e-49f3-90ec-46a00c338367",
  "topic_id": "8ac1a6e9-6768-4ea3-96a0-a861a72bee04",
  "current_phase": "assessment",
  "hasLessonPlan": true,
  "status": "active"
}

[2025-08-09T16:14:31.424Z] INFO [4f07c2d1-aa1c-4391-9d69-49095996d474] [Database] Session created successfully
{
  "sessionId": "1844732f-4799-4365-983d-b0167744432f"
}

[2025-08-09T16:14:31.424Z] INFO [4f07c2d1-aa1c-4391-9d69-49095996d474] [START-SESSION] Success! Returning response
{
  "sessionId": "1844732f-4799-4365-983d-b0167744432f",
  "subject": "Physics",
  "topic": "Kinematics",
  "hasOverview": true,
  "questionsCount": 3,
  "estimatedDuration": "15 minutes"
}

[2025-08-09T16:14:31.508Z] INFO [SESSION-GET] Fetching session data
{
  "sessionId": "1844732f-4799-4365-983d-b0167744432f"
}

[2025-08-09T16:14:31.510Z] INFO [SESSION-GET] Authenticating user

[2025-08-09T16:14:31.959Z] INFO [SESSION-GET] User authenticated
{
  "userId": "b50bca67-bbc6-485b-a9a7-6c0574dca179",
  "email": "muaz.shafiq18@gmail.com"
}

[2025-08-09T16:14:31.959Z] INFO [Database] Fetching session with related data

[2025-08-09T16:14:32.452Z] INFO [Database] Session found
{
  "sessionId": "1844732f-4799-4365-983d-b0167744432f",
  "subjectName": "Physics",
  "topicName": "Kinematics",
  "currentPhase": "assessment",
  "status": "active",
  "hasLessonPlan": true
}

[2025-08-09T16:14:32.453Z] INFO [SESSION-GET] Parsing lesson plan

[2025-08-09T16:14:32.453Z] INFO [Database] Fetching lesson chunks

[2025-08-09T16:14:32.932Z] INFO [Database] Chunks fetched
{
  "chunksCount": 0,
  "chunkIndexes": []
}

[2025-08-09T16:14:32.933Z] INFO [Database] Fetching student assessments

[2025-08-09T16:14:33.380Z] INFO [Database] Assessments fetched
{
  "assessmentsCount": 0,
  "assessmentTypes": []
}

[2025-08-09T16:14:33.381Z] INFO [SESSION-GET] Success! Returning session data
{
  "sessionId": "1844732f-4799-4365-983d-b0167744432f",
  "currentPhase": "assessment",
  "currentChunkIndex": 0,
  "status": "active",
  "chunksCount": 0,
  "assessmentsCount": 0,
  "hasLessonPlan": false
}

[2025-08-09T16:14:33.438Z] INFO [SESSION-GET] Fetching session data
{
  "sessionId": "1844732f-4799-4365-983d-b0167744432f"
}

[2025-08-09T16:14:33.439Z] INFO [SESSION-GET] Authenticating user

[2025-08-09T16:14:33.891Z] INFO [SESSION-GET] User authenticated
{
  "userId": "b50bca67-bbc6-485b-a9a7-6c0574dca179",
  "email": "muaz.shafiq18@gmail.com"
}

[2025-08-09T16:14:33.892Z] INFO [Database] Fetching session with related data

[2025-08-09T16:14:36.632Z] INFO [Database] Session found
{
  "sessionId": "1844732f-4799-4365-983d-b0167744432f",
  "subjectName": "Physics",
  "topicName": "Kinematics",
  "currentPhase": "assessment",
  "status": "active",
  "hasLessonPlan": true
}

[2025-08-09T16:14:36.632Z] INFO [SESSION-GET] Parsing lesson plan

[2025-08-09T16:14:36.633Z] INFO [Database] Fetching lesson chunks

[2025-08-09T16:14:45.804Z] INFO [Database] Chunks fetched
{
  "chunksCount": 0,
  "chunkIndexes": []
}

[2025-08-09T16:14:45.805Z] INFO [Database] Fetching student assessments

[2025-08-09T16:14:48.807Z] INFO [Database] Assessments fetched
{
  "assessmentsCount": 0,
  "assessmentTypes": []
}

[2025-08-09T16:14:48.808Z] INFO [SESSION-GET] Success! Returning session data
{
  "sessionId": "1844732f-4799-4365-983d-b0167744432f",
  "currentPhase": "assessment",
  "currentChunkIndex": 0,
  "status": "active",
  "chunksCount": 0,
  "assessmentsCount": 0,
  "hasLessonPlan": false
}

[2025-08-09T16:15:00.814Z] INFO [97a3c086-28f6-426a-ab50-83f8a838599f] [ASSESSMENT] Request received
{
  "sessionId": "1844732f-4799-4365-983d-b0167744432f",
  "answersCount": 0,
  "isArray": true
}

[2025-08-09T16:15:00.815Z] INFO [97a3c086-28f6-426a-ab50-83f8a838599f] [ASSESSMENT] Authenticating user
{}

[2025-08-09T16:15:01.796Z] INFO [97a3c086-28f6-426a-ab50-83f8a838599f] [ASSESSMENT] User authenticated
{
  "userId": "b50bca67-bbc6-485b-a9a7-6c0574dca179"
}

[2025-08-09T16:15:01.797Z] INFO [97a3c086-28f6-426a-ab50-83f8a838599f] [Database] Fetching session data
{
  "sessionId": "1844732f-4799-4365-983d-b0167744432f"
}

[2025-08-09T16:15:02.119Z] INFO [97a3c086-28f6-426a-ab50-83f8a838599f] [Database] Session found
{
  "id": "1844732f-4799-4365-983d-b0167744432f",
  "phase": "assessment",
  "hasLessonPlan": true
}

[2025-08-09T16:15:02.120Z] INFO [97a3c086-28f6-426a-ab50-83f8a838599f] [Database] Fetching resources
{
  "subjectId": "4125e30b-b07e-49f3-90ec-46a00c338367",
  "topicId": "8ac1a6e9-6768-4ea3-96a0-a861a72bee04"
}

[2025-08-09T16:15:02.435Z] INFO [97a3c086-28f6-426a-ab50-83f8a838599f] [Database] Resources fetched
{
  "count": 1,
  "titles": [
    "Kinematics Fundamentals"
  ]
}

[2025-08-09T16:15:02.436Z] INFO [97a3c086-28f6-426a-ab50-83f8a838599f] [Database] Storing student assessments
{
  "assessmentCount": 0
}

[2025-08-09T16:15:02.436Z] INFO [97a3c086-28f6-426a-ab50-83f8a838599f] [Database] All assessments stored
{}

[2025-08-09T16:15:02.436Z] INFO [97a3c086-28f6-426a-ab50-83f8a838599f] [ASSESSMENT] Preparing evaluation context
{}

[2025-08-09T16:15:02.437Z] INFO [97a3c086-28f6-426a-ab50-83f8a838599f] [ASSESSMENT] Context prepared
{
  "resourceContextLength": 156,
  "answersContextLength": 0,
  "answersCount": 0
}

[2025-08-09T16:15:09.653Z] INFO [97a3c086-28f6-426a-ab50-83f8a838599f] [ASSESSMENT] Parsing evaluation results
{
  "length": 1923,
  "preview": "```json\n{\n  \"student_evaluation\": {\n    \"understanding_level\": \"beginner\",\n    \"strengths\": [\"basic understanding of position\", \"recognition of velocity\"],\n    \"areas_for_focus\": [\"distinguishing betw..."
}

[2025-08-09T16:15:09.654Z] INFO [97a3c086-28f6-426a-ab50-83f8a838599f] [ASSESSMENT] Content cleaned
{
  "cleanedLength": 1911
}

[2025-08-09T16:15:09.654Z] INFO [97a3c086-28f6-426a-ab50-83f8a838599f] [ASSESSMENT] Evaluation parsed successfully
{
  "hasStudentEvaluation": true,
  "understandingLevel": "beginner",
  "hasRefinedPlan": true,
  "chunksCount": 4
}

[2025-08-09T16:15:09.654Z] INFO [97a3c086-28f6-426a-ab50-83f8a838599f] [Database] Updating session with refined lesson plan
{}

[2025-08-09T16:15:09.655Z] INFO [97a3c086-28f6-426a-ab50-83f8a838599f] [Database] Session update data prepared
{
  "newPhase": "delivery",
  "hasRefinedPlan": true,
  "responsesCount": 0
}

[2025-08-09T16:15:12.029Z] INFO [97a3c086-28f6-426a-ab50-83f8a838599f] [Database] Session updated successfully
{}

[2025-08-09T16:15:12.030Z] INFO [97a3c086-28f6-426a-ab50-83f8a838599f] [Database] Storing AI evaluations
{}

[2025-08-09T16:15:12.030Z] INFO [97a3c086-28f6-426a-ab50-83f8a838599f] [Database] All evaluations updated successfully
{}

[2025-08-09T16:15:12.030Z] INFO [97a3c086-28f6-426a-ab50-83f8a838599f] [ASSESSMENT] Assessment completed successfully
{
  "sessionId": "1844732f-4799-4365-983d-b0167744432f",
  "understandingLevel": "beginner",
  "hasRefinedPlan": true,
  "chunksCount": 4,
  "nextPhase": "delivery",
  "processingTime": 11216
}

[2025-08-09T16:15:14.472Z] INFO [b966fd8d-35ac-45a7-9dd4-374f7657327e] [DELIVER-CHUNK] Starting chunk delivery
{}

[2025-08-09T16:15:14.473Z] INFO [b966fd8d-35ac-45a7-9dd4-374f7657327e] [DELIVER-CHUNK] Request received
{
  "sessionId": "1844732f-4799-4365-983d-b0167744432f",
  "chunkIndex": 0
}

[2025-08-09T16:15:14.475Z] INFO [b966fd8d-35ac-45a7-9dd4-374f7657327e] [Auth] Authenticating user
{}

[2025-08-09T16:15:14.918Z] INFO [b966fd8d-35ac-45a7-9dd4-374f7657327e] [Auth] User authenticated
{
  "userId": "b50bca67-bbc6-485b-a9a7-6c0574dca179"
}

[2025-08-09T16:15:14.918Z] INFO [b966fd8d-35ac-45a7-9dd4-374f7657327e] [Database] Fetching session data
{
  "sessionId": "1844732f-4799-4365-983d-b0167744432f"
}

[2025-08-09T16:15:15.884Z] INFO [b966fd8d-35ac-45a7-9dd4-374f7657327e] [Database] Session found
{
  "id": "1844732f-4799-4365-983d-b0167744432f",
  "phase": "delivery",
  "status": "active",
  "hasLessonPlan": true
}

[2025-08-09T16:15:15.884Z] INFO [b966fd8d-35ac-45a7-9dd4-374f7657327e] [Database] Checking for existing chunk
{
  "chunkIndex": 0
}

[2025-08-09T16:15:16.334Z] INFO [b966fd8d-35ac-45a7-9dd4-374f7657327e] [DELIVER-CHUNK] No existing chunk found, creating new one
{}

[2025-08-09T16:15:16.335Z] INFO [b966fd8d-35ac-45a7-9dd4-374f7657327e] [Database] Fetching resources
{
  "subjectId": "4125e30b-b07e-49f3-90ec-46a00c338367",
  "topicId": "8ac1a6e9-6768-4ea3-96a0-a861a72bee04"
}

[2025-08-09T16:15:16.760Z] INFO [b966fd8d-35ac-45a7-9dd4-374f7657327e] [Database] Resources fetched
{
  "count": 1,
  "titles": [
    "Kinematics Fundamentals"
  ]
}

[2025-08-09T16:15:16.761Z] INFO [b966fd8d-35ac-45a7-9dd4-374f7657327e] [DELIVER-CHUNK] Preparing resource context
{}

[2025-08-09T16:15:16.761Z] INFO [b966fd8d-35ac-45a7-9dd4-374f7657327e] [DELIVER-CHUNK] Resource context prepared
{
  "contextLength": 156
}

[2025-08-09T16:15:16.761Z] INFO [b966fd8d-35ac-45a7-9dd4-374f7657327e] [DELIVER-CHUNK] Analyzing lesson plan structure
{
  "hasLessonPlan": true,
  "hasLessonChunks": true,
  "totalChunks": 4,
  "requestedChunkIndex": 0
}

[2025-08-09T16:15:16.762Z] INFO [b966fd8d-35ac-45a7-9dd4-374f7657327e] [DELIVER-CHUNK] Target chunk found
{
  "hasContent": false
}

[2025-08-09T16:15:23.481Z] INFO [b966fd8d-35ac-45a7-9dd4-374f7657327e] [UnrealSpeech] Starting audio generation with chunking
{
  "textLength": 1671
}

[2025-08-09T16:38:52.638Z] INFO [b966fd8d-35ac-45a7-9dd4-374f7657327e] [Database] Storing chunk in database
{}

[2025-08-09T16:38:52.641Z] INFO [b966fd8d-35ac-45a7-9dd4-374f7657327e] [Database] Chunk data prepared
{
  "session_id": "1844732f-4799-4365-983d-b0167744432f",
  "chunk_index": 0,
  "hasScript": true,
  "scriptLength": 1671,
  "hasAudio": false,
  "chunk_type": "lesson"
}

[2025-08-09T16:42:35.094Z] INFO [0d33b2d9-74e0-4b2b-ab05-0420ce7a7fa2] [START-SESSION] Starting new lesson session
{}

[2025-08-09T16:42:35.095Z] INFO [0d33b2d9-74e0-4b2b-ab05-0420ce7a7fa2] [START-SESSION] Request data
{
  "subjectId": "4125e30b-b07e-49f3-90ec-46a00c338367",
  "topicId": "8ac1a6e9-6768-4ea3-96a0-a861a72bee04"
}

[2025-08-09T16:42:35.098Z] INFO [0d33b2d9-74e0-4b2b-ab05-0420ce7a7fa2] [START-SESSION] Authenticating user
{}

[2025-08-09T16:42:35.525Z] INFO [0d33b2d9-74e0-4b2b-ab05-0420ce7a7fa2] [START-SESSION] User authenticated
{
  "userId": "b50bca67-bbc6-485b-a9a7-6c0574dca179"
}

[2025-08-09T16:42:35.526Z] INFO [0d33b2d9-74e0-4b2b-ab05-0420ce7a7fa2] [Database] Fetching subject data
{
  "subjectId": "4125e30b-b07e-49f3-90ec-46a00c338367"
}

[2025-08-09T16:42:35.872Z] INFO [0d33b2d9-74e0-4b2b-ab05-0420ce7a7fa2] [Database] Subject found
{
  "name": "Physics",
  "hasDescription": false
}

[2025-08-09T16:42:35.873Z] INFO [0d33b2d9-74e0-4b2b-ab05-0420ce7a7fa2] [Database] Fetching topic data
{
  "topicId": "8ac1a6e9-6768-4ea3-96a0-a861a72bee04"
}

[2025-08-09T16:42:36.473Z] INFO [0d33b2d9-74e0-4b2b-ab05-0420ce7a7fa2] [Database] Topic found
{
  "topicName": "Kinematics"
}

[2025-08-09T16:42:36.474Z] INFO [0d33b2d9-74e0-4b2b-ab05-0420ce7a7fa2] [Database] Fetching resources
{
  "subjectId": "4125e30b-b07e-49f3-90ec-46a00c338367",
  "topicId": "8ac1a6e9-6768-4ea3-96a0-a861a72bee04"
}

[2025-08-09T16:42:36.792Z] INFO [0d33b2d9-74e0-4b2b-ab05-0420ce7a7fa2] [Database] Resources fetched
{
  "count": 1,
  "titles": [
    "Kinematics Fundamentals"
  ]
}

[2025-08-09T16:42:36.793Z] INFO [0d33b2d9-74e0-4b2b-ab05-0420ce7a7fa2] [START-SESSION] Preparing lesson planning context
{}

[2025-08-09T16:42:36.794Z] INFO [0d33b2d9-74e0-4b2b-ab05-0420ce7a7fa2] [START-SESSION] Context prepared
{
  "resourceContextLength": 156,
  "topicContext": "Topic: Kinematics"
}

[2025-08-09T16:42:41.297Z] INFO [0d33b2d9-74e0-4b2b-ab05-0420ce7a7fa2] [Lesson] Lesson plan parsed successfully
{
  "hasOverview": true,
  "conceptsCount": 3,
  "questionsCount": 3,
  "estimatedDuration": "15 minutes"
}

[2025-08-09T16:42:41.297Z] INFO [0d33b2d9-74e0-4b2b-ab05-0420ce7a7fa2] [Database] Creating lesson session in database
{}

[2025-08-09T16:42:41.298Z] INFO [0d33b2d9-74e0-4b2b-ab05-0420ce7a7fa2] [Database] Session data to insert
{
  "user_id": "b50bca67-bbc6-485b-a9a7-6c0574dca179",
  "subject_id": "4125e30b-b07e-49f3-90ec-46a00c338367",
  "topic_id": "8ac1a6e9-6768-4ea3-96a0-a861a72bee04",
  "current_phase": "assessment",
  "hasLessonPlan": true,
  "status": "active"
}

[2025-08-09T16:42:41.714Z] INFO [0d33b2d9-74e0-4b2b-ab05-0420ce7a7fa2] [Database] Session created successfully
{
  "sessionId": "fb38a9fb-86c3-45f0-aa16-8cb1a640786d"
}

[2025-08-09T16:42:41.715Z] INFO [0d33b2d9-74e0-4b2b-ab05-0420ce7a7fa2] [START-SESSION] Success! Returning response
{
  "sessionId": "fb38a9fb-86c3-45f0-aa16-8cb1a640786d",
  "subject": "Physics",
  "topic": "Kinematics",
  "hasOverview": true,
  "questionsCount": 3,
  "estimatedDuration": "15 minutes"
}

[2025-08-09T16:42:42.022Z] INFO [SESSION-GET] Fetching session data
{
  "sessionId": "fb38a9fb-86c3-45f0-aa16-8cb1a640786d"
}

[2025-08-09T16:42:42.023Z] INFO [SESSION-GET] Authenticating user

[2025-08-09T16:42:42.413Z] INFO [SESSION-GET] User authenticated
{
  "userId": "b50bca67-bbc6-485b-a9a7-6c0574dca179",
  "email": "muaz.shafiq18@gmail.com"
}

[2025-08-09T16:42:42.414Z] INFO [Database] Fetching session with related data

[2025-08-09T16:42:42.783Z] INFO [Database] Session found
{
  "sessionId": "fb38a9fb-86c3-45f0-aa16-8cb1a640786d",
  "subjectName": "Physics",
  "topicName": "Kinematics",
  "currentPhase": "assessment",
  "status": "active",
  "hasLessonPlan": true
}

[2025-08-09T16:42:42.784Z] INFO [SESSION-GET] Parsing lesson plan

[2025-08-09T16:42:42.785Z] INFO [Database] Fetching lesson chunks

[2025-08-09T16:42:43.113Z] INFO [Database] Chunks fetched
{
  "chunksCount": 0,
  "chunkIndexes": []
}

[2025-08-09T16:42:43.115Z] INFO [Database] Fetching student assessments

[2025-08-09T16:42:43.443Z] INFO [Database] Assessments fetched
{
  "assessmentsCount": 0,
  "assessmentTypes": []
}

[2025-08-09T16:42:43.444Z] INFO [SESSION-GET] Success! Returning session data
{
  "sessionId": "fb38a9fb-86c3-45f0-aa16-8cb1a640786d",
  "currentPhase": "assessment",
  "currentChunkIndex": 0,
  "status": "active",
  "chunksCount": 0,
  "assessmentsCount": 0,
  "hasLessonPlan": false
}

[2025-08-09T16:42:43.644Z] INFO [SESSION-GET] Fetching session data
{
  "sessionId": "fb38a9fb-86c3-45f0-aa16-8cb1a640786d"
}

[2025-08-09T16:42:43.646Z] INFO [SESSION-GET] Authenticating user

[2025-08-09T16:42:43.965Z] INFO [SESSION-GET] User authenticated
{
  "userId": "b50bca67-bbc6-485b-a9a7-6c0574dca179",
  "email": "muaz.shafiq18@gmail.com"
}

[2025-08-09T16:42:43.966Z] INFO [Database] Fetching session with related data

[2025-08-09T16:42:44.303Z] INFO [Database] Session found
{
  "sessionId": "fb38a9fb-86c3-45f0-aa16-8cb1a640786d",
  "subjectName": "Physics",
  "topicName": "Kinematics",
  "currentPhase": "assessment",
  "status": "active",
  "hasLessonPlan": true
}

[2025-08-09T16:42:44.303Z] INFO [SESSION-GET] Parsing lesson plan

[2025-08-09T16:42:44.305Z] INFO [Database] Fetching lesson chunks

[2025-08-09T16:42:44.643Z] INFO [Database] Chunks fetched
{
  "chunksCount": 0,
  "chunkIndexes": []
}

[2025-08-09T16:42:44.644Z] INFO [Database] Fetching student assessments

[2025-08-09T16:42:44.955Z] INFO [Database] Assessments fetched
{
  "assessmentsCount": 0,
  "assessmentTypes": []
}

[2025-08-09T16:42:44.956Z] INFO [SESSION-GET] Success! Returning session data
{
  "sessionId": "fb38a9fb-86c3-45f0-aa16-8cb1a640786d",
  "currentPhase": "assessment",
  "currentChunkIndex": 0,
  "status": "active",
  "chunksCount": 0,
  "assessmentsCount": 0,
  "hasLessonPlan": false
}

[2025-08-09T16:43:33.779Z] INFO [775bad08-5279-4bba-b574-ff732d6e17b9] [ASSESSMENT] Request received
{
  "sessionId": "fb38a9fb-86c3-45f0-aa16-8cb1a640786d",
  "answersCount": 0,
  "isArray": true
}

[2025-08-09T16:43:33.781Z] INFO [775bad08-5279-4bba-b574-ff732d6e17b9] [ASSESSMENT] Authenticating user
{}

[2025-08-09T16:43:34.455Z] INFO [775bad08-5279-4bba-b574-ff732d6e17b9] [ASSESSMENT] User authenticated
{
  "userId": "b50bca67-bbc6-485b-a9a7-6c0574dca179"
}

[2025-08-09T16:43:34.456Z] INFO [775bad08-5279-4bba-b574-ff732d6e17b9] [Database] Fetching session data
{
  "sessionId": "fb38a9fb-86c3-45f0-aa16-8cb1a640786d"
}

[2025-08-09T16:43:34.836Z] INFO [775bad08-5279-4bba-b574-ff732d6e17b9] [Database] Session found
{
  "id": "fb38a9fb-86c3-45f0-aa16-8cb1a640786d",
  "phase": "assessment",
  "hasLessonPlan": true
}

[2025-08-09T16:43:34.837Z] INFO [775bad08-5279-4bba-b574-ff732d6e17b9] [Database] Fetching resources
{
  "subjectId": "4125e30b-b07e-49f3-90ec-46a00c338367",
  "topicId": "8ac1a6e9-6768-4ea3-96a0-a861a72bee04"
}

[2025-08-09T16:43:35.205Z] INFO [775bad08-5279-4bba-b574-ff732d6e17b9] [Database] Resources fetched
{
  "count": 1,
  "titles": [
    "Kinematics Fundamentals"
  ]
}

[2025-08-09T16:43:35.206Z] INFO [775bad08-5279-4bba-b574-ff732d6e17b9] [Database] Storing student assessments
{
  "assessmentCount": 0
}

[2025-08-09T16:43:35.207Z] INFO [775bad08-5279-4bba-b574-ff732d6e17b9] [Database] All assessments stored
{}

[2025-08-09T16:43:35.208Z] INFO [775bad08-5279-4bba-b574-ff732d6e17b9] [ASSESSMENT] Preparing evaluation context
{}

[2025-08-09T16:43:35.208Z] INFO [775bad08-5279-4bba-b574-ff732d6e17b9] [ASSESSMENT] Context prepared
{
  "resourceContextLength": 156,
  "answersContextLength": 0,
  "answersCount": 0
}

[2025-08-09T16:43:41.816Z] INFO [775bad08-5279-4bba-b574-ff732d6e17b9] [ASSESSMENT] Parsing evaluation results
{
  "length": 1773,
  "preview": "```json\n{\n  \"student_evaluation\": {\n    \"understanding_level\": \"beginner\",\n    \"strengths\": [\"understanding of basic kinematics terms\"],\n    \"areas_for_focus\": [\"distinction between scalar and vector ..."
}

[2025-08-09T16:43:41.817Z] INFO [775bad08-5279-4bba-b574-ff732d6e17b9] [ASSESSMENT] Content cleaned
{
  "cleanedLength": 1761
}

[2025-08-09T16:43:41.818Z] INFO [775bad08-5279-4bba-b574-ff732d6e17b9] [ASSESSMENT] Evaluation parsed successfully
{
  "hasStudentEvaluation": true,
  "understandingLevel": "beginner",
  "hasRefinedPlan": true,
  "chunksCount": 4
}

[2025-08-09T16:43:41.818Z] INFO [775bad08-5279-4bba-b574-ff732d6e17b9] [Database] Updating session with refined lesson plan
{}

[2025-08-09T16:43:41.819Z] INFO [775bad08-5279-4bba-b574-ff732d6e17b9] [Database] Session update data prepared
{
  "newPhase": "delivery",
  "hasRefinedPlan": true,
  "responsesCount": 0
}

[2025-08-09T16:43:42.207Z] INFO [775bad08-5279-4bba-b574-ff732d6e17b9] [Database] Session updated successfully
{}

[2025-08-09T16:43:42.208Z] INFO [775bad08-5279-4bba-b574-ff732d6e17b9] [Database] Storing AI evaluations
{}

[2025-08-09T16:43:42.209Z] INFO [775bad08-5279-4bba-b574-ff732d6e17b9] [Database] All evaluations updated successfully
{}

[2025-08-09T16:43:42.210Z] INFO [775bad08-5279-4bba-b574-ff732d6e17b9] [ASSESSMENT] Assessment completed successfully
{
  "sessionId": "fb38a9fb-86c3-45f0-aa16-8cb1a640786d",
  "understandingLevel": "beginner",
  "hasRefinedPlan": true,
  "chunksCount": 4,
  "nextPhase": "delivery",
  "processingTime": 8431
}

[2025-08-09T16:43:44.653Z] INFO [aaed649b-8c95-4730-925d-1931ef0ebe2e] [DELIVER-CHUNK] Starting chunk delivery
{}

[2025-08-09T16:43:44.655Z] INFO [aaed649b-8c95-4730-925d-1931ef0ebe2e] [DELIVER-CHUNK] Request received
{
  "sessionId": "fb38a9fb-86c3-45f0-aa16-8cb1a640786d",
  "chunkIndex": 0
}

[2025-08-09T16:43:44.656Z] INFO [aaed649b-8c95-4730-925d-1931ef0ebe2e] [Auth] Authenticating user
{}

[2025-08-09T16:43:44.978Z] INFO [aaed649b-8c95-4730-925d-1931ef0ebe2e] [Auth] User authenticated
{
  "userId": "b50bca67-bbc6-485b-a9a7-6c0574dca179"
}

[2025-08-09T16:43:44.979Z] INFO [aaed649b-8c95-4730-925d-1931ef0ebe2e] [Database] Fetching session data
{
  "sessionId": "fb38a9fb-86c3-45f0-aa16-8cb1a640786d"
}

[2025-08-09T16:43:45.305Z] INFO [aaed649b-8c95-4730-925d-1931ef0ebe2e] [Database] Session found
{
  "id": "fb38a9fb-86c3-45f0-aa16-8cb1a640786d",
  "phase": "delivery",
  "status": "active",
  "hasLessonPlan": true
}

[2025-08-09T16:43:45.306Z] INFO [aaed649b-8c95-4730-925d-1931ef0ebe2e] [Database] Checking for existing chunk
{
  "chunkIndex": 0
}

[2025-08-09T16:43:45.676Z] INFO [aaed649b-8c95-4730-925d-1931ef0ebe2e] [DELIVER-CHUNK] No existing chunk found, creating new one
{}

[2025-08-09T16:43:45.676Z] INFO [aaed649b-8c95-4730-925d-1931ef0ebe2e] [Database] Fetching resources
{
  "subjectId": "4125e30b-b07e-49f3-90ec-46a00c338367",
  "topicId": "8ac1a6e9-6768-4ea3-96a0-a861a72bee04"
}

[2025-08-09T16:43:46.003Z] INFO [aaed649b-8c95-4730-925d-1931ef0ebe2e] [Database] Resources fetched
{
  "count": 1,
  "titles": [
    "Kinematics Fundamentals"
  ]
}

[2025-08-09T16:43:46.004Z] INFO [aaed649b-8c95-4730-925d-1931ef0ebe2e] [DELIVER-CHUNK] Preparing resource context
{}

[2025-08-09T16:43:46.005Z] INFO [aaed649b-8c95-4730-925d-1931ef0ebe2e] [DELIVER-CHUNK] Resource context prepared
{
  "contextLength": 156
}

[2025-08-09T16:43:46.005Z] INFO [aaed649b-8c95-4730-925d-1931ef0ebe2e] [DELIVER-CHUNK] Analyzing lesson plan structure
{
  "hasLessonPlan": true,
  "hasLessonChunks": true,
  "totalChunks": 4,
  "requestedChunkIndex": 0
}

[2025-08-09T16:43:46.006Z] INFO [aaed649b-8c95-4730-925d-1931ef0ebe2e] [DELIVER-CHUNK] Target chunk found
{
  "hasContent": false
}

[2025-08-09T16:43:51.657Z] INFO [aaed649b-8c95-4730-925d-1931ef0ebe2e] [UnrealSpeech] Starting audio generation with chunking
{
  "textLength": 1409
}

[2025-08-09T16:44:00.101Z] INFO [aaed649b-8c95-4730-925d-1931ef0ebe2e] [UnrealSpeech] Audio generation successful
{
  "bufferSize": 2265951,
  "chunksProcessed": 2
}

[2025-08-09T16:44:00.101Z] INFO [aaed649b-8c95-4730-925d-1931ef0ebe2e] [Storage] Uploading to Supabase storage
{
  "fileName": "lesson-audio/fb38a9fb-86c3-45f0-aa16-8cb1a640786d/chunk-0-1754757840101.mp3"
}

[2025-08-09T16:44:05.090Z] INFO [aaed649b-8c95-4730-925d-1931ef0ebe2e] [Storage] Audio uploaded successfully
{
  "path": "lesson-audio/fb38a9fb-86c3-45f0-aa16-8cb1a640786d/chunk-0-1754757840101.mp3"
}

[2025-08-09T16:44:05.091Z] INFO [aaed649b-8c95-4730-925d-1931ef0ebe2e] [Storage] Audio URL generated
{
  "audioUrl": "https://sqlxxvrpmzxjyehbpeuw.supabase.co/storage/v1/object/public/lessons/lesson-audio/fb38a9fb-86c3-45f0-aa16-8cb1a640786d/chunk-0-1754757840101.mp3"
}

[2025-08-09T16:44:05.091Z] INFO [aaed649b-8c95-4730-925d-1931ef0ebe2e] [Database] Storing chunk in database
{}

[2025-08-09T16:44:05.092Z] INFO [aaed649b-8c95-4730-925d-1931ef0ebe2e] [Database] Chunk data prepared
{
  "session_id": "fb38a9fb-86c3-45f0-aa16-8cb1a640786d",
  "chunk_index": 0,
  "hasScript": true,
  "scriptLength": 1409,
  "hasAudio": true,
  "chunk_type": "lesson"
}

[2025-08-09T16:44:05.477Z] INFO [aaed649b-8c95-4730-925d-1931ef0ebe2e] [Database] Chunk stored successfully
{
  "chunkId": "9a1a9872-68ec-4535-99e6-14caf11268e3"
}

[2025-08-09T16:44:05.478Z] INFO [aaed649b-8c95-4730-925d-1931ef0ebe2e] [Database] Updating session current chunk index
{
  "chunkIndex": 0
}

[2025-08-09T16:44:05.805Z] INFO [aaed649b-8c95-4730-925d-1931ef0ebe2e] [Database] Session updated successfully
{}

[2025-08-09T16:44:05.806Z] INFO [aaed649b-8c95-4730-925d-1931ef0ebe2e] [DELIVER-CHUNK] Chunk delivered successfully
{
  "chunkId": "9a1a9872-68ec-4535-99e6-14caf11268e3",
  "contentLength": 1409,
  "hasAudio": true,
  "chunkIndex": 0,
  "totalChunks": 4,
  "isLastChunk": false,
  "processingTime": 21153
}

[2025-08-09T16:44:52.675Z] INFO [01d2331d-a68f-4987-9ddd-e961aa7f20a3] [START-SESSION] Starting new lesson session
{}

[2025-08-09T16:44:52.676Z] INFO [01d2331d-a68f-4987-9ddd-e961aa7f20a3] [START-SESSION] Request data
{
  "subjectId": "504c7125-0f0b-45fb-b2ed-7ce7890cbf0d",
  "topicId": "0cbf9207-a45e-4676-a4bc-53415213c775"
}

[2025-08-09T16:44:52.677Z] INFO [01d2331d-a68f-4987-9ddd-e961aa7f20a3] [START-SESSION] Authenticating user
{}

[2025-08-09T16:46:53.349Z] INFO [INTERACTION] New interaction request
{
  "sessionId": "fb38a9fb-86c3-45f0-aa16-8cb1a640786d",
  "questionLength": 45,
  "hasChunkId": true,
  "chunkId": "1754757822218"
}

[2025-08-09T16:46:53.357Z] INFO [INTERACTION] Authenticating user

[2025-08-09T16:46:54.117Z] INFO [INTERACTION] User authenticated
{
  "userId": "b50bca67-bbc6-485b-a9a7-6c0574dca179",
  "email": "muaz.shafiq18@gmail.com"
}

[2025-08-09T16:46:54.118Z] INFO [Database] Fetching session data
{
  "sessionId": "fb38a9fb-86c3-45f0-aa16-8cb1a640786d"
}

[2025-08-09T16:46:54.469Z] INFO [Database] Session found
{
  "sessionId": "fb38a9fb-86c3-45f0-aa16-8cb1a640786d",
  "subjectId": "4125e30b-b07e-49f3-90ec-46a00c338367",
  "topicId": "8ac1a6e9-6768-4ea3-96a0-a861a72bee04",
  "currentPhase": "delivery",
  "hasLessonPlan": true
}

[2025-08-09T16:46:54.470Z] INFO [Database] Fetching educational resources

[2025-08-09T16:46:54.831Z] INFO [Database] Resources fetched
{
  "resourcesCount": 1,
  "resourceTitles": [
    "Kinematics Fundamentals"
  ]
}

[2025-08-09T16:46:54.832Z] INFO [Database] Fetching chunk context
{
  "chunkId": "1754757822218"
}

[2025-08-09T16:46:55.162Z] WARN [INTERACTION] Could not load chunk context
{
  "chunkId": "1754757822218",
  "error": {
    "code": "22P02",
    "details": null,
    "hint": null,
    "message": "invalid input syntax for type uuid: \"1754757822218\""
  }
}

[2025-08-09T16:46:55.163Z] INFO [INTERACTION] Preparing context for AI response

[2025-08-09T16:46:55.164Z] INFO [INTERACTION] Context prepared
{
  "resourceContextLength": 156,
  "lessonContextLength": 1313,
  "hasCurrentChunk": false,
  "currentChunkLength": 0
}

[2025-08-09T16:47:00.236Z] INFO [Database] Storing interaction

[2025-08-09T16:47:00.662Z] INFO [Database] Updating chunk interaction
{
  "chunkId": "1754757822218"
}

[2025-08-09T16:47:01.002Z] INFO [INTERACTION] Generating audio with chunking support
{
  "textLength": 760
}

[2025-08-09T16:47:04.684Z] INFO [INTERACTION] Audio generated successfully
{
  "sizeBytes": 1181302,
  "chunksProcessed": 1
}

[2025-08-09T16:47:04.685Z] INFO [INTERACTION] Uploading audio to Supabase
{
  "fileName": "interaction-audio/fb38a9fb-86c3-45f0-aa16-8cb1a640786d/response-1754758024685.mp3"
}

[2025-08-09T16:47:07.632Z] INFO [INTERACTION] Audio uploaded successfully
{
  "audioUrl": "https://sqlxxvrpmzxjyehbpeuw.supabase.co/storage/v1/object/public/lessons/interaction-audio/fb38a9fb-86c3-45f0-aa16-8cb1a640786d/response-1754758024685.mp3"
}

[2025-08-09T16:47:07.633Z] INFO [INTERACTION] Success! Returning response
{
  "canAnswer": true,
  "hasAnswer": true,
  "answerLength": 760,
  "hasAudio": true,
  "resourceUsed": "Kinematics Fundamentals"
}

[2025-08-09T16:49:29.812Z] INFO [021bfd62-49e7-4baa-949f-b83d3d611d91] [START-SESSION] Starting new lesson session
{}

[2025-08-09T16:49:29.813Z] INFO [021bfd62-49e7-4baa-949f-b83d3d611d91] [START-SESSION] Request data
{
  "subjectId": "504c7125-0f0b-45fb-b2ed-7ce7890cbf0d",
  "topicId": "0cbf9207-a45e-4676-a4bc-53415213c775"
}

[2025-08-09T16:49:29.820Z] INFO [021bfd62-49e7-4baa-949f-b83d3d611d91] [START-SESSION] Authenticating user
{}

[2025-08-09T16:50:15.613Z] INFO [d5326b8f-3f58-4b67-b6a8-1f2672e66d05] [START-SESSION] Starting new lesson session
{}

[2025-08-09T16:50:15.614Z] INFO [d5326b8f-3f58-4b67-b6a8-1f2672e66d05] [START-SESSION] Request data
{
  "subjectId": "504c7125-0f0b-45fb-b2ed-7ce7890cbf0d",
  "topicId": "0cbf9207-a45e-4676-a4bc-53415213c775"
}

[2025-08-09T16:50:15.615Z] INFO [d5326b8f-3f58-4b67-b6a8-1f2672e66d05] [START-SESSION] Authenticating user
{}

[2025-08-09T16:50:16.006Z] INFO [d5326b8f-3f58-4b67-b6a8-1f2672e66d05] [START-SESSION] User authenticated
{
  "userId": "62e33645-9e2d-4c22-8c80-c330ab1f0cf1"
}

[2025-08-09T16:50:16.008Z] INFO [d5326b8f-3f58-4b67-b6a8-1f2672e66d05] [Database] Fetching subject data
{
  "subjectId": "504c7125-0f0b-45fb-b2ed-7ce7890cbf0d"
}

[2025-08-09T16:50:16.343Z] INFO [d5326b8f-3f58-4b67-b6a8-1f2672e66d05] [Database] Subject found
{
  "name": "Physics",
  "hasDescription": false
}

[2025-08-09T16:50:16.344Z] INFO [d5326b8f-3f58-4b67-b6a8-1f2672e66d05] [Database] Fetching topic data
{
  "topicId": "0cbf9207-a45e-4676-a4bc-53415213c775"
}

[2025-08-09T16:50:16.682Z] INFO [d5326b8f-3f58-4b67-b6a8-1f2672e66d05] [Database] Topic found
{
  "topicName": "Kinematics"
}

[2025-08-09T16:50:16.683Z] INFO [d5326b8f-3f58-4b67-b6a8-1f2672e66d05] [Database] Fetching resources
{
  "subjectId": "504c7125-0f0b-45fb-b2ed-7ce7890cbf0d",
  "topicId": "0cbf9207-a45e-4676-a4bc-53415213c775"
}

[2025-08-09T16:50:17.033Z] INFO [d5326b8f-3f58-4b67-b6a8-1f2672e66d05] [Database] Resources fetched
{
  "count": 1,
  "titles": [
    "Kinematics Fundamentals"
  ]
}

[2025-08-09T16:50:17.034Z] INFO [d5326b8f-3f58-4b67-b6a8-1f2672e66d05] [START-SESSION] Preparing lesson planning context
{}

[2025-08-09T16:50:17.035Z] INFO [d5326b8f-3f58-4b67-b6a8-1f2672e66d05] [START-SESSION] Context prepared
{
  "resourceContextLength": 156,
  "topicContext": "Topic: Kinematics"
}

[2025-08-09T16:50:20.595Z] INFO [d5326b8f-3f58-4b67-b6a8-1f2672e66d05] [Lesson] Lesson plan parsed successfully
{
  "hasOverview": true,
  "conceptsCount": 3,
  "questionsCount": 3,
  "estimatedDuration": "15 minutes"
}

[2025-08-09T16:50:20.596Z] INFO [d5326b8f-3f58-4b67-b6a8-1f2672e66d05] [Database] Creating lesson session in database
{}

[2025-08-09T16:50:20.597Z] INFO [d5326b8f-3f58-4b67-b6a8-1f2672e66d05] [Database] Session data to insert
{
  "user_id": "62e33645-9e2d-4c22-8c80-c330ab1f0cf1",
  "subject_id": "504c7125-0f0b-45fb-b2ed-7ce7890cbf0d",
  "topic_id": "0cbf9207-a45e-4676-a4bc-53415213c775",
  "current_phase": "assessment",
  "hasLessonPlan": true,
  "status": "active"
}

[2025-08-09T16:50:26.503Z] INFO [d5326b8f-3f58-4b67-b6a8-1f2672e66d05] [Database] Session created successfully
{
  "sessionId": "9ddbbd34-a30b-4d56-8dd9-d680153795fb"
}

[2025-08-09T16:50:26.504Z] INFO [d5326b8f-3f58-4b67-b6a8-1f2672e66d05] [START-SESSION] Success! Returning response
{
  "sessionId": "9ddbbd34-a30b-4d56-8dd9-d680153795fb",
  "subject": "Physics",
  "topic": "Kinematics",
  "hasOverview": true,
  "questionsCount": 3,
  "estimatedDuration": "15 minutes"
}

