[2025-08-13T19:13:51.839Z] INFO [e14d1032-0919-46b0-aafd-3056052880f9] [START-SESSION] Starting new lesson session
{}

[2025-08-13T19:13:51.843Z] INFO [e14d1032-0919-46b0-aafd-3056052880f9] [START-SESSION] Request data
{
  "subjectId": "504c7125-0f0b-45fb-b2ed-7ce7890cbf0d",
  "topicId": "0cbf9207-a45e-4676-a4bc-53415213c775"
}

[2025-08-13T19:13:51.859Z] INFO [e14d1032-0919-46b0-aafd-3056052880f9] [START-SESSION] Authenticating user
{}

[2025-08-13T19:13:52.826Z] INFO [e14d1032-0919-46b0-aafd-3056052880f9] [START-SESSION] User authenticated
{
  "userId": "f9087ec2-2eb0-422b-b73b-01535ef9858c"
}

[2025-08-13T19:13:52.827Z] INFO [e14d1032-0919-46b0-aafd-3056052880f9] [Database] Fetching subject data
{
  "subjectId": "504c7125-0f0b-45fb-b2ed-7ce7890cbf0d"
}

[2025-08-13T19:13:53.188Z] INFO [e14d1032-0919-46b0-aafd-3056052880f9] [Database] Subject found
{
  "name": "Physics",
  "hasDescription": false
}

[2025-08-13T19:13:53.190Z] INFO [e14d1032-0919-46b0-aafd-3056052880f9] [Database] Fetching topic data
{
  "topicId": "0cbf9207-a45e-4676-a4bc-53415213c775"
}

[2025-08-13T19:13:53.558Z] INFO [e14d1032-0919-46b0-aafd-3056052880f9] [Database] Topic found
{
  "topicName": "Kinematics"
}

[2025-08-13T19:13:53.560Z] INFO [e14d1032-0919-46b0-aafd-3056052880f9] [Database] Fetching resources
{
  "subjectId": "504c7125-0f0b-45fb-b2ed-7ce7890cbf0d",
  "topicId": "0cbf9207-a45e-4676-a4bc-53415213c775"
}

[2025-08-13T19:13:53.921Z] INFO [e14d1032-0919-46b0-aafd-3056052880f9] [Database] Resources fetched
{
  "count": 1,
  "titles": [
    "Kinematics Fundamentals"
  ]
}

[2025-08-13T19:13:53.923Z] INFO [e14d1032-0919-46b0-aafd-3056052880f9] [START-SESSION] Preparing lesson planning context
{}

[2025-08-13T19:13:53.925Z] INFO [e14d1032-0919-46b0-aafd-3056052880f9] [START-SESSION] Context prepared
{
  "resourceContextLength": 156,
  "topicContext": "Topic: Kinematics"
}

[2025-08-13T19:14:03.400Z] INFO [e14d1032-0919-46b0-aafd-3056052880f9] [Lesson] Lesson plan parsed successfully
{
  "hasOverview": true,
  "conceptsCount": 3,
  "questionsCount": 3,
  "estimatedDuration": "15 minutes"
}

[2025-08-13T19:14:03.402Z] INFO [e14d1032-0919-46b0-aafd-3056052880f9] [Database] Creating lesson session in database
{}

[2025-08-13T19:14:03.404Z] INFO [e14d1032-0919-46b0-aafd-3056052880f9] [Database] Session data to insert
{
  "user_id": "f9087ec2-2eb0-422b-b73b-01535ef9858c",
  "subject_id": "504c7125-0f0b-45fb-b2ed-7ce7890cbf0d",
  "topic_id": "0cbf9207-a45e-4676-a4bc-53415213c775",
  "current_phase": "assessment",
  "hasLessonPlan": true,
  "status": "active"
}

[2025-08-13T19:14:06.943Z] INFO [e14d1032-0919-46b0-aafd-3056052880f9] [Database] Session created successfully
{
  "sessionId": "5449e835-51fc-4a6b-a63e-639e8fe02358"
}

[2025-08-13T19:14:06.945Z] INFO [e14d1032-0919-46b0-aafd-3056052880f9] [START-SESSION] Success! Returning response
{
  "sessionId": "5449e835-51fc-4a6b-a63e-639e8fe02358",
  "subject": "Physics",
  "topic": "Kinematics",
  "hasOverview": true,
  "questionsCount": 3,
  "estimatedDuration": "15 minutes"
}

[2025-08-13T19:14:22.845Z] INFO [SESSION-GET] Fetching session data
{
  "sessionId": "5449e835-51fc-4a6b-a63e-639e8fe02358"
}

[2025-08-13T19:14:22.867Z] INFO [SESSION-GET] Authenticating user

[2025-08-13T19:14:23.350Z] INFO [SESSION-GET] User authenticated
{
  "userId": "f9087ec2-2eb0-422b-b73b-01535ef9858c",
  "email": "farjadimtiaz21@gmail.com"
}

[2025-08-13T19:14:23.351Z] INFO [Database] Fetching session with related data

[2025-08-13T19:14:23.889Z] INFO [Database] Session found
{
  "sessionId": "5449e835-51fc-4a6b-a63e-639e8fe02358",
  "subjectName": "Physics",
  "topicName": "Kinematics",
  "currentPhase": "assessment",
  "status": "active",
  "hasLessonPlan": true
}

[2025-08-13T19:14:23.891Z] INFO [SESSION-GET] Parsing lesson plan

[2025-08-13T19:14:23.896Z] INFO [Database] Fetching lesson chunks

[2025-08-13T19:14:24.239Z] INFO [Database] Chunks fetched
{
  "chunksCount": 0,
  "chunkIndexes": []
}

[2025-08-13T19:14:24.240Z] INFO [Database] Fetching student assessments

[2025-08-13T19:14:24.791Z] INFO [Database] Assessments fetched
{
  "assessmentsCount": 0,
  "assessmentTypes": []
}

[2025-08-13T19:14:24.793Z] INFO [SESSION-GET] Success! Returning session data
{
  "sessionId": "5449e835-51fc-4a6b-a63e-639e8fe02358",
  "currentPhase": "assessment",
  "currentChunkIndex": 0,
  "status": "active",
  "chunksCount": 0,
  "assessmentsCount": 0,
  "hasLessonPlan": false
}

[2025-08-13T19:14:26.368Z] INFO [SESSION-GET] Fetching session data
{
  "sessionId": "5449e835-51fc-4a6b-a63e-639e8fe02358"
}

[2025-08-13T19:14:26.391Z] INFO [SESSION-GET] Authenticating user

[2025-08-13T19:14:26.771Z] INFO [SESSION-GET] User authenticated
{
  "userId": "f9087ec2-2eb0-422b-b73b-01535ef9858c",
  "email": "farjadimtiaz21@gmail.com"
}

[2025-08-13T19:14:26.773Z] INFO [Database] Fetching session with related data

[2025-08-13T19:14:27.154Z] INFO [Database] Session found
{
  "sessionId": "5449e835-51fc-4a6b-a63e-639e8fe02358",
  "subjectName": "Physics",
  "topicName": "Kinematics",
  "currentPhase": "assessment",
  "status": "active",
  "hasLessonPlan": true
}

[2025-08-13T19:14:27.157Z] INFO [SESSION-GET] Parsing lesson plan

[2025-08-13T19:14:27.160Z] INFO [Database] Fetching lesson chunks

[2025-08-13T19:14:27.550Z] INFO [Database] Chunks fetched
{
  "chunksCount": 0,
  "chunkIndexes": []
}

[2025-08-13T19:14:27.585Z] INFO [Database] Fetching student assessments

[2025-08-13T19:14:27.939Z] INFO [Database] Assessments fetched
{
  "assessmentsCount": 0,
  "assessmentTypes": []
}

[2025-08-13T19:14:27.941Z] INFO [SESSION-GET] Success! Returning session data
{
  "sessionId": "5449e835-51fc-4a6b-a63e-639e8fe02358",
  "currentPhase": "assessment",
  "currentChunkIndex": 0,
  "status": "active",
  "chunksCount": 0,
  "assessmentsCount": 0,
  "hasLessonPlan": false
}

[2025-08-13T19:15:09.622Z] INFO [a0462d57-ff2e-4faf-bc12-a1574cb9f9d7] [ASSESSMENT] Request received
{
  "sessionId": "5449e835-51fc-4a6b-a63e-639e8fe02358",
  "answersCount": 0,
  "isArray": true
}

[2025-08-13T19:15:09.635Z] INFO [a0462d57-ff2e-4faf-bc12-a1574cb9f9d7] [ASSESSMENT] Authenticating user
{}

[2025-08-13T19:15:10.089Z] INFO [a0462d57-ff2e-4faf-bc12-a1574cb9f9d7] [ASSESSMENT] User authenticated
{
  "userId": "f9087ec2-2eb0-422b-b73b-01535ef9858c"
}

[2025-08-13T19:15:10.090Z] INFO [a0462d57-ff2e-4faf-bc12-a1574cb9f9d7] [Database] Fetching session data
{
  "sessionId": "5449e835-51fc-4a6b-a63e-639e8fe02358"
}

[2025-08-13T19:15:10.453Z] INFO [a0462d57-ff2e-4faf-bc12-a1574cb9f9d7] [Database] Session found
{
  "id": "5449e835-51fc-4a6b-a63e-639e8fe02358",
  "phase": "assessment",
  "hasLessonPlan": true
}

[2025-08-13T19:15:10.454Z] INFO [a0462d57-ff2e-4faf-bc12-a1574cb9f9d7] [Database] Fetching resources
{
  "subjectId": "504c7125-0f0b-45fb-b2ed-7ce7890cbf0d",
  "topicId": "0cbf9207-a45e-4676-a4bc-53415213c775"
}

[2025-08-13T19:15:10.957Z] INFO [a0462d57-ff2e-4faf-bc12-a1574cb9f9d7] [Database] Resources fetched
{
  "count": 1,
  "titles": [
    "Kinematics Fundamentals"
  ]
}

[2025-08-13T19:15:10.958Z] INFO [a0462d57-ff2e-4faf-bc12-a1574cb9f9d7] [Database] Storing student assessments
{
  "assessmentCount": 0
}

[2025-08-13T19:15:10.959Z] INFO [a0462d57-ff2e-4faf-bc12-a1574cb9f9d7] [Database] All assessments stored
{}

[2025-08-13T19:15:10.960Z] INFO [a0462d57-ff2e-4faf-bc12-a1574cb9f9d7] [ASSESSMENT] Preparing evaluation context
{}

[2025-08-13T19:15:10.963Z] INFO [a0462d57-ff2e-4faf-bc12-a1574cb9f9d7] [ASSESSMENT] Context prepared
{
  "resourceContextLength": 156,
  "answersContextLength": 0,
  "answersCount": 0
}

[2025-08-13T19:15:16.131Z] INFO [a0462d57-ff2e-4faf-bc12-a1574cb9f9d7] [ASSESSMENT] Parsing evaluation results
{
  "length": 2091,
  "preview": "```json\n{\n  \"student_evaluation\": {\n    \"understanding_level\": \"beginner\",\n    \"strengths\": [\"basic understanding of position\", \"recognition of velocity\"],\n    \"areas_for_focus\": [\"differentiating vel..."
}

[2025-08-13T19:15:16.134Z] INFO [a0462d57-ff2e-4faf-bc12-a1574cb9f9d7] [ASSESSMENT] Content cleaned
{
  "cleanedLength": 2079
}

[2025-08-13T19:15:16.135Z] INFO [a0462d57-ff2e-4faf-bc12-a1574cb9f9d7] [ASSESSMENT] Evaluation parsed successfully
{
  "hasStudentEvaluation": true,
  "understandingLevel": "beginner",
  "hasRefinedPlan": true,
  "chunksCount": 4
}

[2025-08-13T19:15:16.225Z] INFO [a0462d57-ff2e-4faf-bc12-a1574cb9f9d7] [Database] Updating session with refined lesson plan
{}

[2025-08-13T19:15:16.319Z] INFO [a0462d57-ff2e-4faf-bc12-a1574cb9f9d7] [Database] Session update data prepared
{
  "newPhase": "delivery",
  "hasRefinedPlan": true,
  "responsesCount": 0
}

[2025-08-13T19:15:16.811Z] INFO [a0462d57-ff2e-4faf-bc12-a1574cb9f9d7] [Database] Session updated successfully
{}

[2025-08-13T19:15:16.813Z] INFO [a0462d57-ff2e-4faf-bc12-a1574cb9f9d7] [Database] Storing AI evaluations
{}

[2025-08-13T19:15:16.814Z] INFO [a0462d57-ff2e-4faf-bc12-a1574cb9f9d7] [Database] All evaluations updated successfully
{}

[2025-08-13T19:15:16.817Z] INFO [a0462d57-ff2e-4faf-bc12-a1574cb9f9d7] [ASSESSMENT] Assessment completed successfully
{
  "sessionId": "5449e835-51fc-4a6b-a63e-639e8fe02358",
  "understandingLevel": "beginner",
  "hasRefinedPlan": true,
  "chunksCount": 4,
  "nextPhase": "delivery",
  "processingTime": 7196
}

[2025-08-13T19:15:29.581Z] INFO [cc890055-9122-4cc8-a489-c9e65b7f01fb] [DELIVER-CHUNK] Starting chunk delivery
{}

[2025-08-13T19:15:29.923Z] INFO [cc890055-9122-4cc8-a489-c9e65b7f01fb] [DELIVER-CHUNK] Request received
{
  "sessionId": "5449e835-51fc-4a6b-a63e-639e8fe02358",
  "chunkIndex": 0
}

[2025-08-13T19:15:30.322Z] INFO [cc890055-9122-4cc8-a489-c9e65b7f01fb] [Auth] Authenticating user
{}

[2025-08-13T19:15:32.324Z] INFO [cc890055-9122-4cc8-a489-c9e65b7f01fb] [Auth] User authenticated
{
  "userId": "f9087ec2-2eb0-422b-b73b-01535ef9858c"
}

[2025-08-13T19:15:32.326Z] INFO [cc890055-9122-4cc8-a489-c9e65b7f01fb] [Database] Fetching session data
{
  "sessionId": "5449e835-51fc-4a6b-a63e-639e8fe02358"
}

[2025-08-13T19:15:32.782Z] INFO [cc890055-9122-4cc8-a489-c9e65b7f01fb] [Database] Session found
{
  "id": "5449e835-51fc-4a6b-a63e-639e8fe02358",
  "phase": "delivery",
  "status": "active",
  "hasLessonPlan": true
}

[2025-08-13T19:15:32.784Z] INFO [cc890055-9122-4cc8-a489-c9e65b7f01fb] [Database] Checking for existing chunk
{
  "chunkIndex": 0
}

[2025-08-13T19:15:33.360Z] INFO [cc890055-9122-4cc8-a489-c9e65b7f01fb] [DELIVER-CHUNK] No existing chunk found, creating new one
{}

[2025-08-13T19:15:33.428Z] INFO [cc890055-9122-4cc8-a489-c9e65b7f01fb] [Database] Fetching resources
{
  "subjectId": "504c7125-0f0b-45fb-b2ed-7ce7890cbf0d",
  "topicId": "0cbf9207-a45e-4676-a4bc-53415213c775"
}

[2025-08-13T19:15:33.805Z] INFO [cc890055-9122-4cc8-a489-c9e65b7f01fb] [Database] Resources fetched
{
  "count": 1,
  "titles": [
    "Kinematics Fundamentals"
  ]
}

[2025-08-13T19:15:33.806Z] INFO [cc890055-9122-4cc8-a489-c9e65b7f01fb] [DELIVER-CHUNK] Preparing resource context
{}

[2025-08-13T19:15:33.808Z] INFO [cc890055-9122-4cc8-a489-c9e65b7f01fb] [DELIVER-CHUNK] Resource context prepared
{
  "contextLength": 156
}

[2025-08-13T19:15:34.048Z] INFO [cc890055-9122-4cc8-a489-c9e65b7f01fb] [DELIVER-CHUNK] Analyzing lesson plan structure
{
  "hasLessonPlan": true,
  "hasLessonChunks": true,
  "totalChunks": 4,
  "requestedChunkIndex": 0
}

[2025-08-13T19:15:34.121Z] INFO [cc890055-9122-4cc8-a489-c9e65b7f01fb] [DELIVER-CHUNK] Target chunk found
{
  "hasContent": false
}

[2025-08-13T19:15:45.538Z] INFO [cc890055-9122-4cc8-a489-c9e65b7f01fb] [UnrealSpeech] Starting audio generation with chunking
{
  "textLength": 1573
}

[2025-08-13T19:15:51.250Z] INFO [cc890055-9122-4cc8-a489-c9e65b7f01fb] [UnrealSpeech] Audio generation successful
{
  "bufferSize": 2512025,
  "chunksProcessed": 2
}

[2025-08-13T19:15:51.251Z] INFO [cc890055-9122-4cc8-a489-c9e65b7f01fb] [Storage] Uploading to Supabase storage
{
  "fileName": "lesson-audio/5449e835-51fc-4a6b-a63e-639e8fe02358/chunk-0-1755112551251.mp3"
}

[2025-08-13T19:16:01.697Z] INFO [cc890055-9122-4cc8-a489-c9e65b7f01fb] [Storage] Audio uploaded successfully
{
  "path": "lesson-audio/5449e835-51fc-4a6b-a63e-639e8fe02358/chunk-0-1755112551251.mp3"
}

[2025-08-13T19:16:01.699Z] INFO [cc890055-9122-4cc8-a489-c9e65b7f01fb] [Storage] Audio URL generated
{
  "audioUrl": "https://sqlxxvrpmzxjyehbpeuw.supabase.co/storage/v1/object/public/lessons/lesson-audio/5449e835-51fc-4a6b-a63e-639e8fe02358/chunk-0-1755112551251.mp3"
}

[2025-08-13T19:16:01.701Z] INFO [cc890055-9122-4cc8-a489-c9e65b7f01fb] [Database] Storing chunk in database
{}

[2025-08-13T19:16:01.706Z] INFO [cc890055-9122-4cc8-a489-c9e65b7f01fb] [Database] Chunk data prepared
{
  "session_id": "5449e835-51fc-4a6b-a63e-639e8fe02358",
  "chunk_index": 0,
  "hasScript": true,
  "scriptLength": 1573,
  "hasAudio": true,
  "chunk_type": "lesson"
}

[2025-08-13T19:16:02.068Z] INFO [cc890055-9122-4cc8-a489-c9e65b7f01fb] [Database] Chunk stored successfully
{
  "chunkId": "1d873138-311c-47df-962d-7672b48978b1"
}

[2025-08-13T19:16:02.070Z] INFO [cc890055-9122-4cc8-a489-c9e65b7f01fb] [Database] Updating session current chunk index
{
  "chunkIndex": 0
}

[2025-08-13T19:16:02.398Z] INFO [cc890055-9122-4cc8-a489-c9e65b7f01fb] [Database] Session updated successfully
{}

[2025-08-13T19:16:02.400Z] INFO [cc890055-9122-4cc8-a489-c9e65b7f01fb] [DELIVER-CHUNK] Chunk delivered successfully
{
  "chunkId": "1d873138-311c-47df-962d-7672b48978b1",
  "contentLength": 1573,
  "hasAudio": true,
  "chunkIndex": 0,
  "totalChunks": 4,
  "isLastChunk": false,
  "processingTime": 32818
}

[2025-08-13T19:18:31.859Z] INFO [INTERACTION] New interaction request
{
  "sessionId": "5449e835-51fc-4a6b-a63e-639e8fe02358",
  "questionLength": 89,
  "hasChunkId": true,
  "chunkId": "1755112517925"
}

[2025-08-13T19:18:31.999Z] INFO [INTERACTION] Authenticating user

[2025-08-13T19:18:33.166Z] INFO [INTERACTION] User authenticated
{
  "userId": "f9087ec2-2eb0-422b-b73b-01535ef9858c",
  "email": "farjadimtiaz21@gmail.com"
}

[2025-08-13T19:18:33.167Z] INFO [Database] Fetching session data
{
  "sessionId": "5449e835-51fc-4a6b-a63e-639e8fe02358"
}

[2025-08-13T19:18:33.612Z] INFO [Database] Session found
{
  "sessionId": "5449e835-51fc-4a6b-a63e-639e8fe02358",
  "subjectId": "504c7125-0f0b-45fb-b2ed-7ce7890cbf0d",
  "topicId": "0cbf9207-a45e-4676-a4bc-53415213c775",
  "currentPhase": "delivery",
  "hasLessonPlan": true
}

[2025-08-13T19:18:33.613Z] INFO [Database] Fetching educational resources

[2025-08-13T19:18:33.947Z] INFO [Database] Resources fetched
{
  "resourcesCount": 1,
  "resourceTitles": [
    "Kinematics Fundamentals"
  ]
}

[2025-08-13T19:18:33.948Z] INFO [Database] Fetching chunk context
{
  "chunkId": "1755112517925"
}

[2025-08-13T19:18:34.468Z] WARN [INTERACTION] Could not load chunk context
{
  "chunkId": "1755112517925",
  "error": {
    "code": "22P02",
    "details": null,
    "hint": null,
    "message": "invalid input syntax for type uuid: \"1755112517925\""
  }
}

[2025-08-13T19:18:34.471Z] INFO [INTERACTION] Preparing context for AI response

[2025-08-13T19:18:34.473Z] INFO [INTERACTION] Context prepared
{
  "resourceContextLength": 156,
  "lessonContextLength": 1608,
  "hasCurrentChunk": false,
  "currentChunkLength": 0
}

[2025-08-13T19:18:41.194Z] INFO [Database] Storing interaction

[2025-08-13T19:18:41.611Z] INFO [Database] Updating chunk interaction
{
  "chunkId": "1755112517925"
}

[2025-08-13T19:18:41.943Z] INFO [INTERACTION] Generating audio with chunking support
{
  "textLength": 521
}

[2025-08-13T19:18:46.099Z] INFO [INTERACTION] Audio generated successfully
{
  "sizeBytes": 737221,
  "chunksProcessed": 1
}

[2025-08-13T19:18:46.100Z] INFO [INTERACTION] Uploading audio to Supabase
{
  "fileName": "interaction-audio/5449e835-51fc-4a6b-a63e-639e8fe02358/response-1755112726100.mp3"
}

[2025-08-13T19:18:48.845Z] INFO [INTERACTION] Audio uploaded successfully
{
  "audioUrl": "https://sqlxxvrpmzxjyehbpeuw.supabase.co/storage/v1/object/public/lessons/interaction-audio/5449e835-51fc-4a6b-a63e-639e8fe02358/response-1755112726100.mp3"
}

[2025-08-13T19:18:48.849Z] INFO [INTERACTION] Success! Returning response
{
  "canAnswer": true,
  "hasAnswer": true,
  "answerLength": 521,
  "hasAudio": true,
  "resourceUsed": "Kinematics Fundamentals"
}

[2025-08-13T19:19:39.121Z] INFO [INTERACTION] New interaction request
{
  "sessionId": "5449e835-51fc-4a6b-a63e-639e8fe02358",
  "questionLength": 43,
  "hasChunkId": true,
  "chunkId": "1755112706363"
}

[2025-08-13T19:19:39.130Z] INFO [INTERACTION] Authenticating user

[2025-08-13T19:19:39.745Z] INFO [INTERACTION] User authenticated
{
  "userId": "f9087ec2-2eb0-422b-b73b-01535ef9858c",
  "email": "farjadimtiaz21@gmail.com"
}

[2025-08-13T19:19:39.798Z] INFO [Database] Fetching session data
{
  "sessionId": "5449e835-51fc-4a6b-a63e-639e8fe02358"
}

[2025-08-13T19:19:40.407Z] INFO [Database] Session found
{
  "sessionId": "5449e835-51fc-4a6b-a63e-639e8fe02358",
  "subjectId": "504c7125-0f0b-45fb-b2ed-7ce7890cbf0d",
  "topicId": "0cbf9207-a45e-4676-a4bc-53415213c775",
  "currentPhase": "delivery",
  "hasLessonPlan": true
}

[2025-08-13T19:19:40.408Z] INFO [Database] Fetching educational resources

[2025-08-13T19:19:40.885Z] INFO [Database] Resources fetched
{
  "resourcesCount": 1,
  "resourceTitles": [
    "Kinematics Fundamentals"
  ]
}

[2025-08-13T19:19:40.887Z] INFO [Database] Fetching chunk context
{
  "chunkId": "1755112706363"
}

[2025-08-13T19:19:41.241Z] WARN [INTERACTION] Could not load chunk context
{
  "chunkId": "1755112706363",
  "error": {
    "code": "22P02",
    "details": null,
    "hint": null,
    "message": "invalid input syntax for type uuid: \"1755112706363\""
  }
}

[2025-08-13T19:19:41.243Z] INFO [INTERACTION] Preparing context for AI response

[2025-08-13T19:19:41.244Z] INFO [INTERACTION] Context prepared
{
  "resourceContextLength": 156,
  "lessonContextLength": 1608,
  "hasCurrentChunk": false,
  "currentChunkLength": 0
}

[2025-08-13T19:19:49.436Z] INFO [Database] Storing interaction

[2025-08-13T19:19:49.941Z] INFO [Database] Updating chunk interaction
{
  "chunkId": "1755112706363"
}

[2025-08-13T19:19:50.306Z] INFO [INTERACTION] Generating audio with chunking support
{
  "textLength": 551
}

[2025-08-13T19:19:53.522Z] INFO [INTERACTION] Audio generated successfully
{
  "sizeBytes": 1116519,
  "chunksProcessed": 1
}

[2025-08-13T19:19:53.524Z] INFO [INTERACTION] Uploading audio to Supabase
{
  "fileName": "interaction-audio/5449e835-51fc-4a6b-a63e-639e8fe02358/response-1755112793524.mp3"
}

[2025-08-13T19:19:56.035Z] INFO [INTERACTION] Audio uploaded successfully
{
  "audioUrl": "https://sqlxxvrpmzxjyehbpeuw.supabase.co/storage/v1/object/public/lessons/interaction-audio/5449e835-51fc-4a6b-a63e-639e8fe02358/response-1755112793524.mp3"
}

[2025-08-13T19:19:56.039Z] INFO [INTERACTION] Success! Returning response
{
  "canAnswer": true,
  "hasAnswer": true,
  "answerLength": 551,
  "hasAudio": true,
  "resourceUsed": "Kinematics Fundamentals"
}

[2025-08-13T19:21:08.941Z] INFO [INTERACTION] New interaction request
{
  "sessionId": "5449e835-51fc-4a6b-a63e-639e8fe02358",
  "questionLength": 48,
  "hasChunkId": true,
  "chunkId": "1755112772666"
}

[2025-08-13T19:21:08.948Z] INFO [INTERACTION] Authenticating user

[2025-08-13T19:21:10.063Z] INFO [INTERACTION] User authenticated
{
  "userId": "f9087ec2-2eb0-422b-b73b-01535ef9858c",
  "email": "farjadimtiaz21@gmail.com"
}

[2025-08-13T19:21:10.064Z] INFO [Database] Fetching session data
{
  "sessionId": "5449e835-51fc-4a6b-a63e-639e8fe02358"
}

[2025-08-13T19:21:10.430Z] INFO [Database] Session found
{
  "sessionId": "5449e835-51fc-4a6b-a63e-639e8fe02358",
  "subjectId": "504c7125-0f0b-45fb-b2ed-7ce7890cbf0d",
  "topicId": "0cbf9207-a45e-4676-a4bc-53415213c775",
  "currentPhase": "delivery",
  "hasLessonPlan": true
}

[2025-08-13T19:21:10.432Z] INFO [Database] Fetching educational resources

[2025-08-13T19:21:10.808Z] INFO [Database] Resources fetched
{
  "resourcesCount": 1,
  "resourceTitles": [
    "Kinematics Fundamentals"
  ]
}

[2025-08-13T19:21:10.810Z] INFO [Database] Fetching chunk context
{
  "chunkId": "1755112772666"
}

[2025-08-13T19:21:11.174Z] WARN [INTERACTION] Could not load chunk context
{
  "chunkId": "1755112772666",
  "error": {
    "code": "22P02",
    "details": null,
    "hint": null,
    "message": "invalid input syntax for type uuid: \"1755112772666\""
  }
}

[2025-08-13T19:21:11.176Z] INFO [INTERACTION] Preparing context for AI response

[2025-08-13T19:21:11.178Z] INFO [INTERACTION] Context prepared
{
  "resourceContextLength": 156,
  "lessonContextLength": 1608,
  "hasCurrentChunk": false,
  "currentChunkLength": 0
}

[2025-08-13T19:21:17.617Z] INFO [Database] Storing interaction

[2025-08-13T19:21:18.085Z] INFO [Database] Updating chunk interaction
{
  "chunkId": "1755112772666"
}

[2025-08-13T19:21:18.481Z] INFO [INTERACTION] Generating audio with chunking support
{
  "textLength": 482
}

[2025-08-13T19:21:21.242Z] INFO [INTERACTION] Audio generated successfully
{
  "sizeBytes": 959261,
  "chunksProcessed": 1
}

[2025-08-13T19:21:21.244Z] INFO [INTERACTION] Uploading audio to Supabase
{
  "fileName": "interaction-audio/5449e835-51fc-4a6b-a63e-639e8fe02358/response-1755112881244.mp3"
}

[2025-08-13T19:21:23.667Z] INFO [INTERACTION] Audio uploaded successfully
{
  "audioUrl": "https://sqlxxvrpmzxjyehbpeuw.supabase.co/storage/v1/object/public/lessons/interaction-audio/5449e835-51fc-4a6b-a63e-639e8fe02358/response-1755112881244.mp3"
}

[2025-08-13T19:21:23.669Z] INFO [INTERACTION] Success! Returning response
{
  "canAnswer": true,
  "hasAnswer": true,
  "answerLength": 482,
  "hasAudio": true,
  "resourceUsed": "Kinematics Fundamentals"
}

