[2025-08-09T13:58:08.891Z] ERROR [b7b217bd-ae77-48f4-9b43-49811cd033b7] [START-SESSION] Error fetching resources
{
  "resourcesError": {
    "code": "PGRST202",
    "details": "Searched for the function public.get_resources_by_topic with parameter subject_uuid or with a single unnamed json/jsonb parameter, but no matches were found in the schema cache.",
    "hint": "Perhaps you meant to call the function public.get_resources_by_topic(subject_uuid, topic_uuid)",
    "message": "Could not find the function public.get_resources_by_topic(subject_uuid) in the schema cache"
  }
}

[2025-08-09T15:59:48.181Z] ERROR [fd0f8937-26b3-4dd8-a5cc-d588be7bb622] [START-SESSION] Error creating session
{
  "sessionError": {
    "code": "PGRST204",
    "details": null,
    "hint": null,
    "message": "Could not find the 'session_status' column of 'lesson_sessions' in the schema cache"
  }
}

[2025-08-09T16:00:22.304Z] ERROR [a8a34105-3978-428d-a098-90ed502f679c] [START-SESSION] Error creating session
{
  "sessionError": {
    "code": "PGRST204",
    "details": null,
    "hint": null,
    "message": "Could not find the 'session_status' column of 'lesson_sessions' in the schema cache"
  }
}

[2025-08-09T16:03:43.388Z] ERROR [SESSION-GET] Error parsing lesson plan
{
  "error": "\"[object Object]\" is not valid JSON",
  "lessonPlanType": "object"
}

[2025-08-09T16:03:44.750Z] ERROR [SESSION-GET] Error parsing lesson plan
{
  "error": "\"[object Object]\" is not valid JSON",
  "lessonPlanType": "object"
}

[2025-08-09T16:04:26.729Z] ERROR [60215de7-dad6-4940-9c52-3c9a66d8c94a] [DELIVER-CHUNK] Unreal Speech API error
{
  "status": 400,
  "error": "Invalid \"Text\" value. Allowed length: 1000 characters"
}

[2025-08-09T16:05:40.372Z] ERROR [INTERACTION] Error storing interaction
{
  "error": {
    "code": "PGRST204",
    "details": null,
    "hint": null,
    "message": "Could not find the 'assessment_type' column of 'student_assessments' in the schema cache"
  }
}

[2025-08-09T16:05:40.729Z] ERROR [INTERACTION] Error updating chunk interaction
{
  "error": {
    "code": "22P02",
    "details": null,
    "hint": null,
    "message": "invalid input syntax for type uuid: \"1754755449901\""
  }
}

[2025-08-09T16:13:02.521Z] ERROR [6b1f8d74-7c58-4f4b-9a20-c8c9ec60d5cc] [START-SESSION] Authentication failed
{
  "authError": {
    "__isAuthError": true,
    "name": "AuthRetryableFetchError",
    "status": 0
  }
}

[2025-08-09T16:14:32.453Z] ERROR [SESSION-GET] Error parsing lesson plan
{
  "error": "\"[object Object]\" is not valid JSON",
  "lessonPlanType": "object"
}

[2025-08-09T16:14:36.633Z] ERROR [SESSION-GET] Error parsing lesson plan
{
  "error": "\"[object Object]\" is not valid JSON",
  "lessonPlanType": "object"
}

[2025-08-09T16:38:52.636Z] ERROR [b966fd8d-35ac-45a7-9dd4-374f7657327e] [DELIVER-CHUNK] Audio generation failed
{
  "error": "terminated"
}

[2025-08-09T16:38:52.687Z] ERROR [b966fd8d-35ac-45a7-9dd4-374f7657327e] [DELIVER-CHUNK] Error storing chunk
{
  "insertError": {
    "message": "TypeError: fetch failed",
    "details": "TypeError: fetch failed\n    at node:internal/deps/undici/undici:13502:13\n    at process.processTicksAndRejections (node:internal/process/task_queues:105:5)\n    at async POST (C:\\Users\\muazs\\Downloads\\Projects\\koro.ai\\.next\\server\\chunks\\[root-of-the-server]__fe55988c._.js:787:53)\n    at async AppRouteRouteModule.do (C:\\Users\\muazs\\Downloads\\Projects\\koro.ai\\node_modules\\next\\dist\\compiled\\next-server\\app-route-turbo.runtime.dev.js:5:38782)\n    at async AppRouteRouteModule.handle (C:\\Users\\muazs\\Downloads\\Projects\\koro.ai\\node_modules\\next\\dist\\compiled\\next-server\\app-route-turbo.runtime.dev.js:5:45984)\n    at async responseGenerator (C:\\Users\\muazs\\Downloads\\Projects\\koro.ai\\.next\\server\\chunks\\node_modules_next_a6748e1d._.js:14328:38)\n    at async AppRouteRouteModule.handleResponse (C:\\Users\\muazs\\Downloads\\Projects\\koro.ai\\node_modules\\next\\dist\\compiled\\next-server\\app-route-turbo.runtime.dev.js:1:183725)\n    at async handleResponse (C:\\Users\\muazs\\Downloads\\Projects\\koro.ai\\.next\\server\\chunks\\node_modules_next_a6748e1d._.js:14390:32)\n    at async handler (C:\\Users\\muazs\\Downloads\\Projects\\koro.ai\\.next\\server\\chunks\\node_modules_next_a6748e1d._.js:14442:13)\n    at async doRender (C:\\Users\\muazs\\Downloads\\Projects\\koro.ai\\node_modules\\next\\dist\\server\\base-server.js:1586:34)\n    at async DevServer.renderToResponseWithComponentsImpl (C:\\Users\\muazs\\Downloads\\Projects\\koro.ai\\node_modules\\next\\dist\\server\\base-server.js:1928:13)\n    at async DevServer.renderPageComponent (C:\\Users\\muazs\\Downloads\\Projects\\koro.ai\\node_modules\\next\\dist\\server\\base-server.js:2394:24)\n    at async DevServer.renderToResponseImpl (C:\\Users\\muazs\\Downloads\\Projects\\koro.ai\\node_modules\\next\\dist\\server\\base-server.js:2434:32)\n    at async DevServer.pipeImpl (C:\\Users\\muazs\\Downloads\\Projects\\koro.ai\\node_modules\\next\\dist\\server\\base-server.js:1034:25)\n    at async NextNodeServer.handleCatchallRenderRequest (C:\\Users\\muazs\\Downloads\\Projects\\koro.ai\\node_modules\\next\\dist\\server\\next-server.js:393:17)\n    at async DevServer.handleRequestImpl (C:\\Users\\muazs\\Downloads\\Projects\\koro.ai\\node_modules\\next\\dist\\server\\base-server.js:925:17)\n    at async C:\\Users\\muazs\\Downloads\\Projects\\koro.ai\\node_modules\\next\\dist\\server\\dev\\next-dev-server.js:398:20\n    at async Span.traceAsyncFn (C:\\Users\\muazs\\Downloads\\Projects\\koro.ai\\node_modules\\next\\dist\\trace\\trace.js:157:20)\n    at async DevServer.handleRequest (C:\\Users\\muazs\\Downloads\\Projects\\koro.ai\\node_modules\\next\\dist\\server\\dev\\next-dev-server.js:394:24)\n    at async invokeRender (C:\\Users\\muazs\\Downloads\\Projects\\koro.ai\\node_modules\\next\\dist\\server\\lib\\router-server.js:239:21)\n    at async handleRequest (C:\\Users\\muazs\\Downloads\\Projects\\koro.ai\\node_modules\\next\\dist\\server\\lib\\router-server.js:436:24)\n    at async requestHandlerImpl (C:\\Users\\muazs\\Downloads\\Projects\\koro.ai\\node_modules\\next\\dist\\server\\lib\\router-server.js:464:13)\n    at async Server.requestListener (C:\\Users\\muazs\\Downloads\\Projects\\koro.ai\\node_modules\\next\\dist\\server\\lib\\start-server.js:218:13)",
    "hint": "",
    "code": ""
  }
}

[2025-08-09T16:42:42.784Z] ERROR [SESSION-GET] Error parsing lesson plan
{
  "error": "\"[object Object]\" is not valid JSON",
  "lessonPlanType": "object"
}

[2025-08-09T16:42:44.304Z] ERROR [SESSION-GET] Error parsing lesson plan
{
  "error": "\"[object Object]\" is not valid JSON",
  "lessonPlanType": "object"
}

[2025-08-09T16:44:52.678Z] ERROR [01d2331d-a68f-4987-9ddd-e961aa7f20a3] [START-SESSION] Authentication failed
{
  "authError": {
    "__isAuthError": true,
    "name": "AuthSessionMissingError",
    "status": 400
  }
}

[2025-08-09T16:47:00.661Z] ERROR [INTERACTION] Error storing interaction
{
  "error": {
    "code": "23514",
    "details": null,
    "hint": null,
    "message": "new row for relation \"student_assessments\" violates check constraint \"student_assessments_assessment_type_check\""
  }
}

[2025-08-09T16:47:01.001Z] ERROR [INTERACTION] Error updating chunk interaction
{
  "error": {
    "code": "22P02",
    "details": null,
    "hint": null,
    "message": "invalid input syntax for type uuid: \"1754757822218\""
  }
}

[2025-08-09T16:49:29.822Z] ERROR [021bfd62-49e7-4baa-949f-b83d3d611d91] [START-SESSION] Authentication failed
{
  "authError": {
    "__isAuthError": true,
    "name": "AuthSessionMissingError",
    "status": 400
  }
}

