[2025-08-15T19:06:55.918Z] ERROR [a97d3b44-da2f-4dc1-82fa-b173f3f350e0] [START-SESSION] Missing subject ID
{}

[2025-08-15T20:04:48.024Z] ERROR [INTERACTION] Error updating chunk interaction
{
  "error": {
    "code": "22P02",
    "details": null,
    "hint": null,
    "message": "invalid input syntax for type uuid: \"1755288102773\""
  }
}

[2025-08-15T20:26:44.486Z] ERROR [INTERACTION] Error updating chunk interaction
{
  "error": {
    "code": "22P02",
    "details": null,
    "hint": null,
    "message": "invalid input syntax for type uuid: \"1755289503266\""
  }
}

[2025-08-15T20:27:53.940Z] ERROR [INTERACTION] Error updating chunk interaction
{
  "error": {
    "code": "22P02",
    "details": null,
    "hint": null,
    "message": "invalid input syntax for type uuid: \"1755289584634\""
  }
}

