[2025-08-13T19:14:23.892Z] ERROR [SESSION-GET] Error parsing lesson plan
{
  "error": "\"[object Object]\" is not valid JSON",
  "lessonPlanType": "object"
}

[2025-08-13T19:14:27.158Z] ERROR [SESSION-GET] Error parsing lesson plan
{
  "error": "\"[object Object]\" is not valid JSON",
  "lessonPlanType": "object"
}

[2025-08-13T19:18:41.609Z] ERROR [INTERACTION] Error storing interaction
{
  "error": {
    "code": "23514",
    "details": null,
    "hint": null,
    "message": "new row for relation \"student_assessments\" violates check constraint \"student_assessments_assessment_type_check\""
  }
}

[2025-08-13T19:18:41.941Z] ERROR [INTERACTION] Error updating chunk interaction
{
  "error": {
    "code": "22P02",
    "details": null,
    "hint": null,
    "message": "invalid input syntax for type uuid: \"1755112517925\""
  }
}

[2025-08-13T19:19:49.935Z] ERROR [INTERACTION] Error storing interaction
{
  "error": {
    "code": "23514",
    "details": null,
    "hint": null,
    "message": "new row for relation \"student_assessments\" violates check constraint \"student_assessments_assessment_type_check\""
  }
}

[2025-08-13T19:19:50.303Z] ERROR [INTERACTION] Error updating chunk interaction
{
  "error": {
    "code": "22P02",
    "details": null,
    "hint": null,
    "message": "invalid input syntax for type uuid: \"1755112706363\""
  }
}

[2025-08-13T19:21:18.080Z] ERROR [INTERACTION] Error storing interaction
{
  "error": {
    "code": "23514",
    "details": null,
    "hint": null,
    "message": "new row for relation \"student_assessments\" violates check constraint \"student_assessments_assessment_type_check\""
  }
}

[2025-08-13T19:21:18.476Z] ERROR [INTERACTION] Error updating chunk interaction
{
  "error": {
    "code": "22P02",
    "details": null,
    "hint": null,
    "message": "invalid input syntax for type uuid: \"1755112772666\""
  }
}

